Archive member included to satisfy reference by file (symbol)

app/libapp.a(main.c.obj)      (--whole-archive)
zephyr/libzephyr.a(cbprintf_packaged.c.obj)
                              (--whole-archive)
zephyr/libzephyr.a(dec.c.obj)
                              (--whole-archive)
zephyr/libzephyr.a(fdtable.c.obj)
                              (--whole-archive)
zephyr/libzephyr.a(hex.c.obj)
                              (--whole-archive)
zephyr/libzephyr.a(printk.c.obj)
                              (--whole-archive)
zephyr/libzephyr.a(rb.c.obj)  (--whole-archive)
zephyr/libzephyr.a(sem.c.obj)
                              (--whole-archive)
zephyr/libzephyr.a(thread_entry.c.obj)
                              (--whole-archive)
zephyr/libzephyr.a(timeutil.c.obj)
                              (--whole-archive)
zephyr/libzephyr.a(heap.c.obj)
                              (--whole-archive)
zephyr/libzephyr.a(heap-validate.c.obj)
                              (--whole-archive)
zephyr/libzephyr.a(bitarray.c.obj)
                              (--whole-archive)
zephyr/libzephyr.a(multi_heap.c.obj)
                              (--whole-archive)
zephyr/libzephyr.a(onoff.c.obj)
                              (--whole-archive)
zephyr/libzephyr.a(notify.c.obj)
                              (--whole-archive)
zephyr/libzephyr.a(crc32c_sw.c.obj)
                              (--whole-archive)
zephyr/libzephyr.a(crc32_sw.c.obj)
                              (--whole-archive)
zephyr/libzephyr.a(crc16_sw.c.obj)
                              (--whole-archive)
zephyr/libzephyr.a(crc8_sw.c.obj)
                              (--whole-archive)
zephyr/libzephyr.a(crc7_sw.c.obj)
                              (--whole-archive)
zephyr/libzephyr.a(cbprintf_complete.c.obj)
                              (--whole-archive)
zephyr/libzephyr.a(cbprintf.c.obj)
                              (--whole-archive)
zephyr/libzephyr.a(assert.c.obj)
                              (--whole-archive)
zephyr/libzephyr.a(reboot.c.obj)
                              (--whole-archive)
zephyr/libzephyr.a(configs.c.obj)
                              (--whole-archive)
zephyr/libzephyr.a(soc.c.obj)
                              (--whole-archive)
zephyr/libzephyr.a(power.c.obj)
                              (--whole-archive)
zephyr/libzephyr.a(soc_nrf_common.S.obj)
                              (--whole-archive)
zephyr/libzephyr.a(soc_secure.c.obj)
                              (--whole-archive)
zephyr/libzephyr.a(validate_base_addresses.c.obj)
                              (--whole-archive)
zephyr/libzephyr.a(validate_enabled_instances.c.obj)
                              (--whole-archive)
zephyr/libzephyr.a(pm.c.obj)  (--whole-archive)
zephyr/libzephyr.a(policy.c.obj)
                              (--whole-archive)
zephyr/libzephyr.a(state.c.obj)
                              (--whole-archive)
zephyr/libzephyr.a(tracing_none.c.obj)
                              (--whole-archive)
zephyr/libzephyr.a(flash_map_partition_manager.c.obj)
                              (--whole-archive)
zephyr/arch/common/libarch__common.a(sw_isr_common.c.obj)
                              (--whole-archive)
zephyr/arch/arch/arm/core/aarch32/libarch__arm__core__aarch32.a(cpu_idle.S.obj)
                              (--whole-archive)
zephyr/arch/arch/arm/core/aarch32/libarch__arm__core__aarch32.a(fatal.c.obj)
                              (--whole-archive)
zephyr/arch/arch/arm/core/aarch32/libarch__arm__core__aarch32.a(irq_manage.c.obj)
                              (--whole-archive)
zephyr/arch/arch/arm/core/aarch32/libarch__arm__core__aarch32.a(nmi.c.obj)
                              (--whole-archive)
zephyr/arch/arch/arm/core/aarch32/libarch__arm__core__aarch32.a(nmi_on_reset.S.obj)
                              (--whole-archive)
zephyr/arch/arch/arm/core/aarch32/libarch__arm__core__aarch32.a(prep_c.c.obj)
                              (--whole-archive)
zephyr/arch/arch/arm/core/aarch32/libarch__arm__core__aarch32.a(swap.c.obj)
                              (--whole-archive)
zephyr/arch/arch/arm/core/aarch32/libarch__arm__core__aarch32.a(swap_helper.S.obj)
                              (--whole-archive)
zephyr/arch/arch/arm/core/aarch32/libarch__arm__core__aarch32.a(thread.c.obj)
                              (--whole-archive)
zephyr/arch/arch/arm/core/aarch32/libarch__arm__core__aarch32.a(isr_wrapper.S.obj)
                              (--whole-archive)
zephyr/arch/arch/arm/core/aarch32/cortex_m/libarch__arm__core__aarch32__cortex_m.a(exc_exit.S.obj)
                              (--whole-archive)
zephyr/arch/arch/arm/core/aarch32/cortex_m/libarch__arm__core__aarch32__cortex_m.a(fault.c.obj)
                              (--whole-archive)
zephyr/arch/arch/arm/core/aarch32/cortex_m/libarch__arm__core__aarch32__cortex_m.a(fault_s.S.obj)
                              (--whole-archive)
zephyr/arch/arch/arm/core/aarch32/cortex_m/libarch__arm__core__aarch32__cortex_m.a(fpu.c.obj)
[...]
Memory Configuration

Name             Origin             Length             Attributes
FLASH            0x0000000000008000 0x00000000000f8000 xr
RAM              0x000000002000c568 0x0000000000033a98 xw
IDT_LIST         0x00000000fffff7ff 0x0000000000000800 xw
*default*        0x0000000000000000 0xffffffffffffffff

Linker script and memory map

LOAD zephyr/CMakeFiles/zephyr_final.dir/misc/empty_file.c.obj
LOAD zephyr/CMakeFiles/zephyr_final.dir/dev_handles.c.obj
LOAD zephyr/CMakeFiles/zephyr_final.dir/isr_tables.c.obj
                0x0000000000000020                _region_min_align = 0x20

.rel.plt        0x0000000000008000        0x0
 *(SORT_BY_ALIGNMENT(.rel.plt))
                [!provide]                        PROVIDE (__rel_iplt_start = .)
 *(SORT_BY_ALIGNMENT(.rel.iplt))
 .rel.iplt      0x0000000000008000        0x0 zephyr/CMakeFiles/zephyr_final.dir/isr_tables.c.obj
                [!provide]                        PROVIDE (__rel_iplt_end = .)

.rela.plt       0x0000000000000000        0x0
 *(SORT_BY_ALIGNMENT(.rela.plt))
                [!provide]                        PROVIDE (__rela_iplt_start = .)
 *(SORT_BY_ALIGNMENT(.rela.iplt))
                [!provide]                        PROVIDE (__rela_iplt_end = .)

.rel.dyn
 *(SORT_BY_ALIGNMENT(.rel.*))

.rela.dyn
 *(SORT_BY_ALIGNMENT(.rela.*))

/DISCARD/
 *(SORT_BY_ALIGNMENT(.plt))

/DISCARD/
 *(SORT_BY_ALIGNMENT(.iplt))
                0x0000000000008000                __rom_region_start = 0x8000

rom_start       0x0000000000008000      0x144
                0x0000000000000000                . = 0x0
                0x0000000000000000                . = ALIGN (0x4)
                0x0000000000000000                . = ALIGN (0x80)
                0x0000000000000000                . = ALIGN (0x200)
                0x0000000000008000                _vector_start = .
 *(SORT_BY_ALIGNMENT(.exc_vector_table))
 *(SORT_BY_ALIGNMENT(.exc_vector_table.*))
 .exc_vector_table._vector_table_section
                0x0000000000008000       0x40 zephyr/arch/arch/arm/core/aarch32/cortex_m/libarch__arm__core__aarch32__cortex_m.a(vector_table.S.obj)
                0x0000000000008000                _vector_table
 *(SORT_BY_ALIGNMENT(.vectors))
                0x0000000000008144                _vector_end = .
                0x0000000000008040                . = ALIGN (0x4)
 *(SORT_BY_ALIGNMENT(.gnu.linkonce.irq_vector_table*))
 .gnu.linkonce.irq_vector_table
                0x0000000000008040      0x104 zephyr/CMakeFiles/zephyr_final.dir/isr_tables.c.obj
                0x0000000000008040                _irq_vector_table
                0x0000000000008144                _vector_end = .

text            0x0000000000008148     0x9f08
                0x0000000000008148                __text_region_start = .
 *(SORT_BY_ALIGNMENT(.text))
 .text          0x0000000000008148      0x168 /opt/nordic/ncs/toolchains/v2.3.0/opt/zephyr-sdk/arm-zephyr-eabi/bin/../lib/gcc/arm-zephyr-eabi/12.1.0/thumb/v8-m.main/nofp/libgcc.a(_arm_mulsf3.o)
                0x0000000000008148                __mulsf3
                0x0000000000008148                __aeabi_fmul
 .text          0x00000000000082b0      0x378 /opt/nordic/ncs/toolchains/v2.3.0/opt/zephyr-sdk/arm-zephyr-eabi/bin/../lib/gcc/arm-zephyr-eabi/12.1.0/thumb/v8-m.main/nofp/libgcc.a(_arm_addsubdf3.o)
                0x00000000000082b0                __aeabi_drsub
                0x00000000000082b8                __subdf3
                0x00000000000082b8                __aeabi_dsub
                0x00000000000082bc                __aeabi_dadd
                0x00000000000082bc                __adddf3
                0x0000000000008534                __aeabi_ui2d
                0x0000000000008534                __floatunsidf
                0x0000000000008554                __floatsidf
                0x0000000000008554                __aeabi_i2d
                0x0000000000008578                __extendsfdf2
                0x0000000000008578                __aeabi_f2d
                0x00000000000085bc                __aeabi_ul2d
                0x00000000000085bc                __floatundidf
                0x00000000000085cc                __aeabi_l2d
                0x00000000000085cc                __floatdidf
 .text          0x0000000000008628      0x424 /opt/nordic/ncs/toolchains/v2.3.0/opt/zephyr-sdk/arm-zephyr-eabi/bin/../lib/gcc/arm-zephyr-eabi/12.1.0/thumb/v8-m.main/nofp/libgcc.a(_arm_muldivdf3.o)
                0x0000000000008628                __aeabi_dmul
                0x0000000000008628                __muldf3
                0x000000000000887c                __aeabi_ddiv
                0x000000000000887c                __divdf3
 .text          0x0000000000008a4c       0xa0 /opt/nordic/ncs/toolchains/v2.3.0/opt/zephyr-sdk/arm-zephyr-eabi/bin/../lib/gcc/arm-zephyr-eabi/12.1.0/thumb/v8-m.main/nofp/libgcc.a(_arm_truncdfsf2.o)
                0x0000000000008a4c                __aeabi_d2f
                0x0000000000008a4c                __truncdfsf2
 .text          0x0000000000008aec      0x21c /opt/nordic/ncs/toolchains/v2.3.0/opt/zephyr-sdk/arm-zephyr-eabi/bin/../lib/gcc/arm-zephyr-eabi/12.1.0/thumb/v8-m.main/nofp/libgcc.a(_arm_addsubsf3.o)
                0x0000000000008aec                __aeabi_frsub
                0x0000000000008af4                __aeabi_fsub
                0x0000000000008af4                __subsf3
                0x0000000000008af8                __aeabi_fadd
                0x0000000000008af8                __addsf3
                0x0000000000008c58                __aeabi_ui2f
                0x0000000000008c58                __floatunsisf
                0x0000000000008c60                __floatsisf
                0x0000000000008c60                __aeabi_i2f
                0x0000000000008c7c                __aeabi_ul2f
                0x0000000000008c7c                __floatundisf
                0x0000000000008c8c                __aeabi_l2f
                0x0000000000008c8c                __floatdisf
 .text          0x0000000000008d08       0x30 /opt/nordic/ncs/toolchains/v2.3.0/opt/zephyr-sdk/arm-zephyr-eabi/bin/../lib/gcc/arm-zephyr-eabi/12.1.0/thumb/v8-m.main/nofp/libgcc.a(_aeabi_uldivmod.o)
                0x0000000000008d08                __aeabi_uldivmod
 .text          0x0000000000008d38        0x4 /opt/nordic/ncs/toolchains/v2.3.0/opt/zephyr-sdk/arm-zephyr-eabi/bin/../lib/gcc/arm-zephyr-eabi/12.1.0/thumb/v8-m.main/nofp/libgcc.a(_dvmd_tls.o)
                0x0000000000008d38                __aeabi_ldiv0
                0x0000000000008d38                __aeabi_idiv0
 .text          0x0000000000008d3c      0x29c /opt/nordic/ncs/toolchains/v2.3.0/opt/zephyr-sdk/arm-zephyr-eabi/bin/../lib/gcc/arm-zephyr-eabi/12.1.0/thumb/v8-m.main/nofp/libgcc.a(_udivmoddi4.o)
                0x0000000000008d3c                __udivmoddi4
 .text          0x0000000000008fd8       0x14 /opt/nordic/ncs/toolchains/v2.3.0/opt/zephyr-sdk/arm-zephyr-eabi/arm-zephyr-eabi/lib/thumb/v8-m.main/nofp/libc_nano.a(lib_a-strcmp.o)
                0x0000000000008fd8                strcmp
 .text          0x0000000000008fec       0x10 /opt/nordic/ncs/toolchains/v2.3.0/opt/zephyr-sdk/arm-zephyr-eabi/arm-zephyr-eabi/lib/thumb/v8-m.main/nofp/libc_nano.a(lib_a-strlen.o)
                0x0000000000008fec                strlen
 *(SORT_BY_ALIGNMENT(.text.*))
 *fill*         0x0000000000008ffc        0x4 
 .text.parse_edrx
                0x0000000000009000      0x12c modules/nrf/lib/lte_link_control/lib..__nrf__lib__lte_link_control.a(lte_lc_helpers.c.obj)
                0x0000000000009000                parse_edrx
 .text.char_out
                0x000000000000912c        0xc zephyr/libzephyr.a(printk.c.obj)
 .text.__printk_hook_install
                0x0000000000009138        0xc zephyr/libzephyr.a(printk.c.obj)
                0x0000000000009138                __printk_hook_install
 .text.vprintk  0x0000000000009144       0x1c zephyr/libzephyr.a(printk.c.obj)
                0x0000000000009144                vprintk
 .text.process_event
                0x0000000000009160      0x21c zephyr/libzephyr.a(onoff.c.obj)
 .text.extract_decimal
                0x000000000000937c       0x2c zephyr/libzephyr.a(cbprintf_complete.c.obj)
 .text.encode_uint
                0x00000000000093a8       0x98 zephyr/libzephyr.a(cbprintf_complete.c.obj)
 .text.z_cbvprintf_impl
                0x0000000000009440      0x748 zephyr/libzephyr.a(cbprintf_complete.c.obj)
                0x0000000000009440                z_cbvprintf_impl
 .text.nordicsemi_nrf91_init
                0x0000000000009b88       0x28 zephyr/libzephyr.a(soc.c.obj)
 .text.arch_busy_wait
                0x0000000000009bb0       0x14 zephyr/libzephyr.a(soc.c.obj)
                0x0000000000009bb0                arch_busy_wait
 .text.z_arm_platform_init
                0x0000000000009bc4        0x4 zephyr/libzephyr.a(soc_nrf_common.S.obj)
                0x0000000000009bc4                z_arm_platform_init
 .text.pm_state_notify
                0x0000000000009bc8       0x5c zephyr/libzephyr.a(pm.c.obj)
 .text.pm_system_resume
                0x0000000000009c24       0x70 zephyr/libzephyr.a(pm.c.obj)
                0x0000000000009c24                pm_system_resume
 .text.pm_system_suspend
                0x0000000000009c94       0xec zephyr/libzephyr.a(pm.c.obj)
                0x0000000000009c94                pm_system_suspend
 .text.pm_policy_next_state
                0x0000000000009d80       0x94 zephyr/libzephyr.a(policy.c.obj)
                0x0000000000009d80                pm_policy_next_state
 .text.pm_state_cpu_get_all
                0x0000000000009e14       0x10 zephyr/libzephyr.a(state.c.obj)
                0x0000000000009e14                pm_state_cpu_get_all
 .text.z_arm_cpu_idle_init
                0x0000000000009e24        0xc zephyr/arch/arch/arm/core/aarch32/libarch__arm__core__aarch32.a(cpu_idle.S.obj)
                0x0000000000009e24                z_arm_cpu_idle_init
 .text.arch_cpu_idle
                0x0000000000009e30       0x1c zephyr/arch/arch/arm/core/aarch32/libarch__arm__core__aarch32.a(cpu_idle.S.obj)
                0x0000000000009e30                arch_cpu_idle
 .text.arch_cpu_atomic_idle
                0x0000000000009e4c       0x18 zephyr/arch/arch/arm/core/aarch32/libarch__arm__core__aarch32.a(cpu_idle.S.obj)
                0x0000000000009e4c                arch_cpu_atomic_idle
 .text.arch_irq_enable
                0x0000000000009e64       0x1c zephyr/arch/arch/arm/core/aarch32/libarch__arm__core__aarch32.a(irq_manage.c.obj)
                0x0000000000009e64                arch_irq_enable
 .text.arch_irq_is_enabled
                0x0000000000009e80       0x1c zephyr/arch/arch/arm/core/aarch32/libarch__arm__core__aarch32.a(irq_manage.c.obj)
                0x0000000000009e80                arch_irq_is_enabled
 .text.z_arm_irq_priority_set
                0x0000000000009e9c       0x2c zephyr/arch/arch/arm/core/aarch32/libarch__arm__core__aarch32.a(irq_manage.c.obj)
                0x0000000000009e9c                z_arm_irq_priority_set
 .text.z_SysNmiOnReset
                0x0000000000009ec8        0x8 zephyr/arch/arch/arm/core/aarch32/libarch__arm__core__aarch32.a(nmi_on_reset.S.obj)
                0x0000000000009ec8                z_SysNmiOnReset
 .text.z_arm_prep_c
                0x0000000000009ed0       0x38 zephyr/arch/arch/arm/core/aarch32/libarch__arm__core__aarch32.a(prep_c.c.obj)
                0x0000000000009ed0                z_arm_prep_c
 .text.arch_swap
                0x0000000000009f08       0x34 zephyr/arch/arch/arm/core/aarch32/libarch__arm__core__aarch32.a(swap.c.obj)
                0x0000000000009f08                arch_swap
 .text.z_arm_pendsv
                0x0000000000009f3c       0x60 zephyr/arch/arch/arm/core/aarch32/libarch__arm__core__aarch32.a(swap_helper.S.obj)
                0x0000000000009f3c                z_arm_pendsv
 .text.z_arm_svc
                0x0000000000009f9c       0x20 zephyr/arch/arch/arm/core/aarch32/libarch__arm__core__aarch32.a(swap_helper.S.obj)
                0x0000000000009f9c                z_arm_svc
 .text.arch_new_thread
                0x0000000000009fbc       0x3c zephyr/arch/arch/arm/core/aarch32/libarch__arm__core__aarch32.a(thread.c.obj)
                0x0000000000009fbc                arch_new_thread
 .text.arch_switch_to_main_thread
                0x0000000000009ff8       0x28 zephyr/arch/arch/arm/core/aarch32/libarch__arm__core__aarch32.a(thread.c.obj)
                0x0000000000009ff8                arch_switch_to_main_thread
 .text._isr_wrapper
                0x000000000000a020       0x40 zephyr/arch/arch/arm/core/aarch32/libarch__arm__core__aarch32.a(isr_wrapper.S.obj)
                0x000000000000a020                _isr_wrapper
 .text._HandlerModeExit
                0x000000000000a060       0x1c zephyr/arch/arch/arm/core/aarch32/cortex_m/libarch__arm__core__aarch32__cortex_m.a(exc_exit.S.obj)
                0x000000000000a060                z_arm_exc_exit
                0x000000000000a060                z_arm_int_exit
 .text.usage_fault.constprop.0
                0x000000000000a07c       0x28 zephyr/arch/arch/arm/core/aarch32/cortex_m/libarch__arm__core__aarch32__cortex_m.a(fault.c.obj)
 .text.bus_fault.constprop.0
                0x000000000000a0a4       0x3c zephyr/arch/arch/arm/core/aarch32/cortex_m/libarch__arm__core__aarch32__cortex_m.a(fault.c.obj)
 .text.mem_manage_fault.constprop.0
                0x000000000000a0e0       0x50 zephyr/arch/arch/arm/core/aarch32/cortex_m/libarch__arm__core__aarch32__cortex_m.a(fault.c.obj)
 .text.z_arm_fault
                0x000000000000a130      0x130 zephyr/arch/arch/arm/core/aarch32/cortex_m/libarch__arm__core__aarch32__cortex_m.a(fault.c.obj)
                0x000000000000a130                z_arm_fault
 .text.z_arm_fault_init
                0x000000000000a260       0x18 zephyr/arch/arch/arm/core/aarch32/cortex_m/libarch__arm__core__aarch32__cortex_m.a(fault.c.obj)
                0x000000000000a260                z_arm_fault_init
 .text.__fault  0x000000000000a278       0x14 zephyr/arch/arch/arm/core/aarch32/cortex_m/libarch__arm__core__aarch32__cortex_m.a(fault_s.S.obj)
                0x000000000000a278                z_arm_bus_fault
                0x000000000000a278                z_arm_usage_fault
                0x000000000000a278                z_arm_mpu_fault
                0x000000000000a278                z_arm_exc_spurious
                0x000000000000a278                z_arm_debug_monitor
                0x000000000000a278                z_arm_hard_fault
 .text.z_arm_interrupt_init
                0x000000000000a28c       0x18 zephyr/arch/arch/arm/core/aarch32/cortex_m/libarch__arm__core__aarch32__cortex_m.a(irq_init.c.obj)
                0x000000000000a28c                z_arm_interrupt_init
 .text._reset_section
                0x000000000000a2a4       0x60 zephyr/arch/arch/arm/core/aarch32/cortex_m/libarch__arm__core__aarch32__cortex_m.a(reset.S.obj)
                0x000000000000a2a4                z_arm_reset
                0x000000000000a2a4                __start
 .text.sys_arch_reboot
                0x000000000000a304       0x24 zephyr/arch/arch/arm/core/aarch32/cortex_m/libarch__arm__core__aarch32__cortex_m.a(scb.c.obj)
                0x000000000000a304                sys_arch_reboot
 .text.z_arm_clear_arm_mpu_config
                0x000000000000a328       0x24 zephyr/arch/arch/arm/core/aarch32/cortex_m/libarch__arm__core__aarch32__cortex_m.a(scb.c.obj)
                0x000000000000a328                z_arm_clear_arm_mpu_config
 .text.z_arm_init_arch_hw_at_boot
                0x000000000000a34c       0x4c zephyr/arch/arch/arm/core/aarch32/cortex_m/libarch__arm__core__aarch32__cortex_m.a(scb.c.obj)
                0x000000000000a34c                z_arm_init_arch_hw_at_boot
 .text.z_impl_k_thread_abort
                0x000000000000a398       0x2c zephyr/arch/arch/arm/core/aarch32/cortex_m/libarch__arm__core__aarch32__cortex_m.a(thread_abort.c.obj)
                0x000000000000a398                z_impl_k_thread_abort
 .text.z_arm_configure_static_mpu_regions
                0x000000000000a3c4       0x38 zephyr/arch/arch/arm/core/aarch32/mpu/libarch__arm__core__aarch32__mpu.a(arm_core_mpu.c.obj)
                0x000000000000a3c4                z_arm_configure_static_mpu_regions
 .text.region_init
                0x000000000000a3fc       0x34 zephyr/arch/arch/arm/core/aarch32/mpu/libarch__arm__core__aarch32__mpu.a(arm_mpu.c.obj)
 .text.mpu_configure_regions_and_partition.constprop.0
                0x000000000000a430      0x14c zephyr/arch/arch/arm/core/aarch32/mpu/libarch__arm__core__aarch32__mpu.a(arm_mpu.c.obj)
 .text.arm_core_mpu_enable
                0x000000000000a57c       0x18 zephyr/arch/arch/arm/core/aarch32/mpu/libarch__arm__core__aarch32__mpu.a(arm_mpu.c.obj)
                0x000000000000a57c                arm_core_mpu_enable
 .text.arm_core_mpu_disable
                0x000000000000a594       0x14 zephyr/arch/arch/arm/core/aarch32/mpu/libarch__arm__core__aarch32__mpu.a(arm_mpu.c.obj)
                0x000000000000a594                arm_core_mpu_disable
 .text.arm_core_mpu_configure_static_mpu_regions
                0x000000000000a5a8       0x14 zephyr/arch/arch/arm/core/aarch32/mpu/libarch__arm__core__aarch32__mpu.a(arm_mpu.c.obj)
                0x000000000000a5a8                arm_core_mpu_configure_static_mpu_regions
 .text.arm_core_mpu_mark_areas_for_dynamic_regions
                0x000000000000a5bc       0xb8 zephyr/arch/arch/arm/core/aarch32/mpu/libarch__arm__core__aarch32__mpu.a(arm_mpu.c.obj)
                0x000000000000a5bc                arm_core_mpu_mark_areas_for_dynamic_regions
 .text.z_arm_mpu_init
                0x000000000000a674       0x4c zephyr/arch/arch/arm/core/aarch32/mpu/libarch__arm__core__aarch32__mpu.a(arm_mpu.c.obj)
                0x000000000000a674                z_arm_mpu_init
 .text.__stdout_hook_install
                0x000000000000a6c0        0xc zephyr/lib/libc/newlib/liblib__libc__newlib.a(libc-hooks.c.obj)
                0x000000000000a6c0                __stdout_hook_install
 .text._sbrk    0x000000000000a6cc       0x28 zephyr/lib/libc/newlib/liblib__libc__newlib.a(libc-hooks.c.obj)
                0x000000000000a6cc                _sbrk
                0x000000000000a6cc                sbrk
 .text.onoff_stop
                0x000000000000a6f4       0x30 zephyr/drivers/clock_control/libdrivers__clock_control.a(clock_control_nrf.c.obj)
 .text.onoff_start
                0x000000000000a724       0x44 zephyr/drivers/clock_control/libdrivers__clock_control.a(clock_control_nrf.c.obj)
 .text.clk_init
                0x000000000000a768       0x58 zephyr/drivers/clock_control/libdrivers__clock_control.a(clock_control_nrf.c.obj)
 .text.clkstarted_handle.constprop.0
                0x000000000000a7c0       0x34 zephyr/drivers/clock_control/libdrivers__clock_control.a(clock_control_nrf.c.obj)
 .text.clock_event_handler
                0x000000000000a7f4       0x1c zephyr/drivers/clock_control/libdrivers__clock_control.a(clock_control_nrf.c.obj)
 .text.generic_hfclk_start
                0x000000000000a810       0x64 zephyr/drivers/clock_control/libdrivers__clock_control.a(clock_control_nrf.c.obj)
 .text.api_blocking_start
                0x000000000000a874       0x34 zephyr/drivers/clock_control/libdrivers__clock_control.a(clock_control_nrf.c.obj)
 .text.generic_hfclk_stop
                0x000000000000a8a8       0x34 zephyr/drivers/clock_control/libdrivers__clock_control.a(clock_control_nrf.c.obj)
 .text.z_nrf_clock_control_lf_on
                0x000000000000a8dc       0xf8 zephyr/drivers/clock_control/libdrivers__clock_control.a(clock_control_nrf.c.obj)
                0x000000000000a8dc                z_nrf_clock_control_lf_on
 .text.uart_console_init
                0x000000000000a9d4       0x28 zephyr/drivers/console/libdrivers__console.a(uart_console.c.obj)
 .text.console_out
                0x000000000000a9fc       0x28 zephyr/drivers/console/libdrivers__console.a(uart_console.c.obj)
 .text.gpio_nrfx_pin_interrupt_configure
                0x000000000000aa24       0xc8 zephyr/drivers/gpio/libdrivers__gpio.a(gpio_nrfx.c.obj)
 .text.gpio_nrfx_init
                0x000000000000aaec       0x38 zephyr/drivers/gpio/libdrivers__gpio.a(gpio_nrfx.c.obj)
 .text.nrfx_gpio_handler
                0x000000000000ab24       0x3c zephyr/drivers/gpio/libdrivers__gpio.a(gpio_nrfx.c.obj)
 .text.gpio_nrfx_pin_configure
                0x000000000000ab60      0x124 zephyr/drivers/gpio/libdrivers__gpio.a(gpio_nrfx.c.obj)
 .text.uarte_nrfx_configure
                0x000000000000ac84      0x168 zephyr/drivers/serial/libdrivers__serial.a(uart_nrfx_uarte.c.obj)
 .text.uarte_0_init
                0x000000000000adec       0xec zephyr/drivers/serial/libdrivers__serial.a(uart_nrfx_uarte.c.obj)
 .text.uarte_nrfx_poll_out
                0x000000000000aed8       0xcc zephyr/drivers/serial/libdrivers__serial.a(uart_nrfx_uarte.c.obj)
 .text.compare_int_lock
                0x000000000000afa4       0x40 zephyr/drivers/timer/libdrivers__timer.a(nrf_rtc_timer.c.obj)
 .text.sys_clock_timeout_handler
                0x000000000000afe4       0x48 zephyr/drivers/timer/libdrivers__timer.a(nrf_rtc_timer.c.obj)
 .text.compare_int_unlock
                0x000000000000b02c       0x4c zephyr/drivers/timer/libdrivers__timer.a(nrf_rtc_timer.c.obj)
 .text.z_nrf_rtc_timer_read
                0x000000000000b078       0x44 zephyr/drivers/timer/libdrivers__timer.a(nrf_rtc_timer.c.obj)
                0x000000000000b078                z_nrf_rtc_timer_read
 .text.compare_set
                0x000000000000b0bc      0x114 zephyr/drivers/timer/libdrivers__timer.a(nrf_rtc_timer.c.obj)
 .text.sys_clock_driver_init
                0x000000000000b1d0       0x80 zephyr/drivers/timer/libdrivers__timer.a(nrf_rtc_timer.c.obj)
 .text.rtc_nrf_isr
                0x000000000000b250       0xd0 zephyr/drivers/timer/libdrivers__timer.a(nrf_rtc_timer.c.obj)
                0x000000000000b250                rtc_nrf_isr
 .text.sys_clock_set_timeout
                0x000000000000b320       0x64 zephyr/drivers/timer/libdrivers__timer.a(nrf_rtc_timer.c.obj)
                0x000000000000b320                sys_clock_set_timeout
 .text.sys_clock_elapsed
                0x000000000000b384       0x14 zephyr/drivers/timer/libdrivers__timer.a(nrf_rtc_timer.c.obj)
                0x000000000000b384                sys_clock_elapsed
 .text.pinctrl_configure_pins
                0x000000000000b398      0x108 zephyr/drivers/pinctrl/libdrivers__pinctrl.a(pinctrl_nrf.c.obj)
                0x000000000000b398                pinctrl_configure_pins
 .text._nrf_modem_lib_init
                0x000000000000b4a0       0x88 modules/nrf/lib/nrf_modem_lib/lib..__nrf__lib__nrf_modem_lib.a(nrf_modem_lib.c.obj)
 .text.thread_monitor_entry_get
                0x000000000000b528       0x48 modules/nrf/lib/nrf_modem_lib/lib..__nrf__lib__nrf_modem_lib.a(nrf_modem_os.c.obj)
 .text.on_init  0x000000000000b570       0x20 modules/nrf/lib/nrf_modem_lib/lib..__nrf__lib__nrf_modem_lib.a(nrf_modem_os.c.obj)
 .text.nrf_modem_os_timedwait
                0x000000000000b590      0x184 modules/nrf/lib/nrf_modem_lib/lib..__nrf__lib__nrf_modem_lib.a(nrf_modem_os.c.obj)
                0x000000000000b590                nrf_modem_os_timedwait
 .text.nrf_modem_os_sem_init
                0x000000000000b714       0x34 modules/nrf/lib/nrf_modem_lib/lib..__nrf__lib__nrf_modem_lib.a(nrf_modem_os.c.obj)
                0x000000000000b714                nrf_modem_os_sem_init
 .text.nrf_modem_os_event_notify
                0x000000000000b748       0x38 modules/nrf/lib/nrf_modem_lib/lib..__nrf__lib__nrf_modem_lib.a(nrf_modem_os.c.obj)
                0x000000000000b748                nrf_modem_os_event_notify
 .text.nrf_modem_os_alloc
                0x000000000000b780       0x10 modules/nrf/lib/nrf_modem_lib/lib..__nrf__lib__nrf_modem_lib.a(nrf_modem_os.c.obj)
                0x000000000000b780                nrf_modem_os_alloc
 .text.nrf_modem_os_free
                0x000000000000b790        0xc modules/nrf/lib/nrf_modem_lib/lib..__nrf__lib__nrf_modem_lib.a(nrf_modem_os.c.obj)
                0x000000000000b790                nrf_modem_os_free
 .text.nrf_modem_os_shm_tx_alloc
                0x000000000000b79c       0x10 modules/nrf/lib/nrf_modem_lib/lib..__nrf__lib__nrf_modem_lib.a(nrf_modem_os.c.obj)
                0x000000000000b79c                nrf_modem_os_shm_tx_alloc
 .text.nrf_modem_os_shm_tx_free
                0x000000000000b7ac        0xc modules/nrf/lib/nrf_modem_lib/lib..__nrf__lib__nrf_modem_lib.a(nrf_modem_os.c.obj)
                0x000000000000b7ac                nrf_modem_os_shm_tx_free
 .text.nrf_modem_os_init
                0x000000000000b7b8       0x30 modules/nrf/lib/nrf_modem_lib/lib..__nrf__lib__nrf_modem_lib.a(nrf_modem_os.c.obj)
                0x000000000000b7b8                nrf_modem_os_init
 .text.at_monitor_sys_init
                0x000000000000b7e8       0x10 modules/nrf/lib/at_monitor/lib..__nrf__lib__at_monitor.a(at_monitor.c.obj)
 .text.at_monitor_task
                0x000000000000b7f8       0x68 modules/nrf/lib/at_monitor/lib..__nrf__lib__at_monitor.a(at_monitor.c.obj)
 .text.at_monitor_dispatch
                0x000000000000b860       0x80 modules/nrf/lib/at_monitor/lib..__nrf__lib__at_monitor.a(at_monitor.c.obj)
                0x000000000000b860                at_monitor_dispatch
 .text.is_valid_notification_char
                0x000000000000b8e0       0x2c modules/nrf/lib/at_cmd_parser/lib..__nrf__lib__at_cmd_parser.a(at_cmd_parser.c.obj)
 .text.is_separator
                0x000000000000b90c       0x1c modules/nrf/lib/at_cmd_parser/lib..__nrf__lib__at_cmd_parser.a(at_cmd_parser.c.obj)
 .text.is_result
                0x000000000000b928       0x30 modules/nrf/lib/at_cmd_parser/lib..__nrf__lib__at_cmd_parser.a(at_cmd_parser.c.obj)
 .text.at_parse_process_element
                0x000000000000b958      0x1c0 modules/nrf/lib/at_cmd_parser/lib..__nrf__lib__at_cmd_parser.a(at_cmd_parser.c.obj)
 .text.is_command
                0x000000000000bb18       0x5c modules/nrf/lib/at_cmd_parser/lib..__nrf__lib__at_cmd_parser.a(at_cmd_parser.c.obj)
 .text.at_parse_detect_type
                0x000000000000bb74      0x1bc modules/nrf/lib/at_cmd_parser/lib..__nrf__lib__at_cmd_parser.a(at_cmd_parser.c.obj)
 .text.at_parser_max_params_from_str
                0x000000000000bd30      0x158 modules/nrf/lib/at_cmd_parser/lib..__nrf__lib__at_cmd_parser.a(at_cmd_parser.c.obj)
                0x000000000000bd30                at_parser_max_params_from_str
 .text.at_handler_ncellmeas
                0x000000000000be88       0xbc modules/nrf/lib/lte_link_control/lib..__nrf__lib__lte_link_control.a(lte_lc.c.obj)
 .text.enable_notifications
                0x000000000000bf44       0x4c modules/nrf/lib/lte_link_control/lib..__nrf__lib__lte_link_control.a(lte_lc.c.obj)
 .text.lte_lc_psm_get
                0x000000000000bf90       0xd0 modules/nrf/lib/lte_link_control/lib..__nrf__lib__lte_link_control.a(lte_lc.c.obj)
                0x000000000000bf90                lte_lc_psm_get
 .text.at_handler_cereg
                0x000000000000c060      0x144 modules/nrf/lib/lte_link_control/lib..__nrf__lib__lte_link_control.a(lte_lc.c.obj)
 .text.lte_lc_func_mode_set
                0x000000000000c1a4       0x74 modules/nrf/lib/lte_link_control/lib..__nrf__lib__lte_link_control.a(lte_lc.c.obj)
                0x000000000000c1a4                lte_lc_func_mode_set
 .text.lte_lc_deinit
                0x000000000000c218       0x20 modules/nrf/lib/lte_link_control/lib..__nrf__lib__lte_link_control.a(lte_lc.c.obj)
                0x000000000000c218                lte_lc_deinit
 .text.k_mutex_unlock.constprop.0.isra.0
                0x000000000000c238        0xc modules/nrf/lib/lte_link_control/lib..__nrf__lib__lte_link_control.a(lte_lc_helpers.c.obj)
 .text.event_handler_list_is_empty
                0x000000000000c244       0x10 modules/nrf/lib/lte_link_control/lib..__nrf__lib__lte_link_control.a(lte_lc_helpers.c.obj)
                0x000000000000c244                event_handler_list_is_empty
 .text.event_handler_list_dispatch
                0x000000000000c254       0x48 modules/nrf/lib/lte_link_control/lib..__nrf__lib__lte_link_control.a(lte_lc_helpers.c.obj)
                0x000000000000c254                event_handler_list_dispatch
 .text.parse_psm
                0x000000000000c29c       0xfc modules/nrf/lib/lte_link_control/lib..__nrf__lib__lte_link_control.a(lte_lc_helpers.c.obj)
                0x000000000000c29c                parse_psm
 .text.parse_cereg
                0x000000000000c398      0x148 modules/nrf/lib/lte_link_control/lib..__nrf__lib__lte_link_control.a(lte_lc_helpers.c.obj)
                0x000000000000c398                parse_cereg
 .text.parse_xt3412
                0x000000000000c4e0       0x64 modules/nrf/lib/lte_link_control/lib..__nrf__lib__lte_link_control.a(lte_lc_helpers.c.obj)
                0x000000000000c4e0                parse_xt3412
 .text.parse_ncellmeas
                0x000000000000c544      0x250 modules/nrf/lib/lte_link_control/lib..__nrf__lib__lte_link_control.a(lte_lc_helpers.c.obj)
                0x000000000000c544                parse_ncellmeas
 .text.parse_ncellmeas_gci
                0x000000000000c794      0x354 modules/nrf/lib/lte_link_control/lib..__nrf__lib__lte_link_control.a(lte_lc_helpers.c.obj)
                0x000000000000c794                parse_ncellmeas_gci
 .text.parse_mdmev
                0x000000000000cae8       0x4c modules/nrf/lib/lte_link_control/lib..__nrf__lib__lte_link_control.a(lte_lc_helpers.c.obj)
                0x000000000000cae8                parse_mdmev
 .text.on_modem_lib_init
                0x000000000000cb34       0x38 modules/nrf/lib/modem_antenna/lib..__nrf__lib__modem_antenna.a(modem_antenna.c.obj)
 .text.tfm_ns_interface_dispatch
                0x000000000000cb6c       0x64 modules/trusted-firmware-m/libtfm_api.a(interface.c.obj)
                0x000000000000cb6c                tfm_ns_interface_dispatch
 .text.psa_generate_random
                0x000000000000cbd0       0x44 modules/trusted-firmware-m/libtfm_api.a(tfm_crypto_ipc_api.c.obj)
                0x000000000000cbd0                psa_generate_random
 .text.psa_call
                0x000000000000cc14       0x38 modules/trusted-firmware-m/libtfm_api.a(tfm_psa_ns_api.c.obj)
                0x000000000000cc14                psa_call
 .text.SystemInit
                0x000000000000cc4c       0x10 modules/hal_nordic/nrfx/libmodules__hal_nordic__nrfx.a(system_nrf9160.c.obj)
                0x000000000000cc4c                SystemInit
 .text.nrfx_flag32_alloc
                0x000000000000cc5c       0x38 modules/hal_nordic/nrfx/libmodules__hal_nordic__nrfx.a(nrfx_flag32_allocator.c.obj)
                0x000000000000cc5c                nrfx_flag32_alloc
 .text.nrfx_flag32_free
                0x000000000000cc94       0x38 modules/hal_nordic/nrfx/libmodules__hal_nordic__nrfx.a(nrfx_flag32_allocator.c.obj)
                0x000000000000cc94                nrfx_flag32_free
 .text.clock_stop
                0x000000000000cccc       0xb4 modules/hal_nordic/nrfx/libmodules__hal_nordic__nrfx.a(nrfx_clock.c.obj)
 .text.nrfx_clock_init
                0x000000000000cd80       0x20 modules/hal_nordic/nrfx/libmodules__hal_nordic__nrfx.a(nrfx_clock.c.obj)
                0x000000000000cd80                nrfx_clock_init
 .text.nrfx_clock_enable
                0x000000000000cda0       0x20 modules/hal_nordic/nrfx/libmodules__hal_nordic__nrfx.a(nrfx_clock.c.obj)
                0x000000000000cda0                nrfx_clock_enable
 .text.nrfx_clock_start
                0x000000000000cdc0       0x80 modules/hal_nordic/nrfx/libmodules__hal_nordic__nrfx.a(nrfx_clock.c.obj)
                0x000000000000cdc0                nrfx_clock_start
 .text.nrfx_power_clock_irq_handler
                0x000000000000ce40       0x68 modules/hal_nordic/nrfx/libmodules__hal_nordic__nrfx.a(nrfx_clock.c.obj)
                0x000000000000ce40                nrfx_power_clock_irq_handler
 .text.nrfx_dppi_channel_alloc
                0x000000000000cea8        0xc modules/hal_nordic/nrfx/libmodules__hal_nordic__nrfx.a(nrfx_dppi.c.obj)
                0x000000000000cea8                nrfx_dppi_channel_alloc
 .text.nrf_gpio_cfg_sense_set
                0x000000000000ceb4       0x20 modules/hal_nordic/nrfx/libmodules__hal_nordic__nrfx.a(nrfx_gpiote.c.obj)
 .text.pin_in_use_by_te
                0x000000000000ced4       0x14 modules/hal_nordic/nrfx/libmodules__hal_nordic__nrfx.a(nrfx_gpiote.c.obj)
 .text.call_handler
                0x000000000000cee8       0x3c modules/hal_nordic/nrfx/libmodules__hal_nordic__nrfx.a(nrfx_gpiote.c.obj)
 .text.release_handler
                0x000000000000cf24       0x54 modules/hal_nordic/nrfx/libmodules__hal_nordic__nrfx.a(nrfx_gpiote.c.obj)
 .text.pin_handler_trigger_uninit
                0x000000000000cf78       0x3c modules/hal_nordic/nrfx/libmodules__hal_nordic__nrfx.a(nrfx_gpiote.c.obj)
 .text.nrfx_gpiote_input_configure
                0x000000000000cfb4      0x158 modules/hal_nordic/nrfx/libmodules__hal_nordic__nrfx.a(nrfx_gpiote.c.obj)
                0x000000000000cfb4                nrfx_gpiote_input_configure
 .text.nrfx_gpiote_output_configure
                0x000000000000d10c      0x100 modules/hal_nordic/nrfx/libmodules__hal_nordic__nrfx.a(nrfx_gpiote.c.obj)
                0x000000000000d10c                nrfx_gpiote_output_configure
 .text.nrfx_gpiote_global_callback_set
                0x000000000000d20c        0xc modules/hal_nordic/nrfx/libmodules__hal_nordic__nrfx.a(nrfx_gpiote.c.obj)
                0x000000000000d20c                nrfx_gpiote_global_callback_set
 .text.nrfx_gpiote_channel_get
                0x000000000000d218       0x2c modules/hal_nordic/nrfx/libmodules__hal_nordic__nrfx.a(nrfx_gpiote.c.obj)
                0x000000000000d218                nrfx_gpiote_channel_get
 .text.nrfx_gpiote_init
                0x000000000000d244       0x50 modules/hal_nordic/nrfx/libmodules__hal_nordic__nrfx.a(nrfx_gpiote.c.obj)
                0x000000000000d244                nrfx_gpiote_init
 .text.nrfx_gpiote_is_init
                0x000000000000d294       0x14 modules/hal_nordic/nrfx/libmodules__hal_nordic__nrfx.a(nrfx_gpiote.c.obj)
                0x000000000000d294                nrfx_gpiote_is_init
 .text.nrfx_gpiote_channel_free
                0x000000000000d2a8        0xc modules/hal_nordic/nrfx/libmodules__hal_nordic__nrfx.a(nrfx_gpiote.c.obj)
                0x000000000000d2a8                nrfx_gpiote_channel_free
 .text.nrfx_gpiote_channel_alloc
                0x000000000000d2b4        0xc modules/hal_nordic/nrfx/libmodules__hal_nordic__nrfx.a(nrfx_gpiote.c.obj)
                0x000000000000d2b4                nrfx_gpiote_channel_alloc
 .text.nrfx_gpiote_trigger_enable
                0x000000000000d2c0       0x88 modules/hal_nordic/nrfx/libmodules__hal_nordic__nrfx.a(nrfx_gpiote.c.obj)
                0x000000000000d2c0                nrfx_gpiote_trigger_enable
 .text.nrfx_gpiote_trigger_disable
                0x000000000000d348       0x50 modules/hal_nordic/nrfx/libmodules__hal_nordic__nrfx.a(nrfx_gpiote.c.obj)
                0x000000000000d348                nrfx_gpiote_trigger_disable
 .text.nrfx_gpiote_pin_uninit
                0x000000000000d398       0x44 modules/hal_nordic/nrfx/libmodules__hal_nordic__nrfx.a(nrfx_gpiote.c.obj)
                0x000000000000d398                nrfx_gpiote_pin_uninit
 .text.nrfx_gpiote_irq_handler
                0x000000000000d3dc      0x154 modules/hal_nordic/nrfx/libmodules__hal_nordic__nrfx.a(nrfx_gpiote.c.obj)
                0x000000000000d3dc                nrfx_gpiote_irq_handler
 .text.nrfx_ipc_init
                0x000000000000d530       0x30 modules/hal_nordic/nrfx/libmodules__hal_nordic__nrfx.a(nrfx_ipc.c.obj)
                0x000000000000d530                nrfx_ipc_init
 .text.nrfx_ipc_config_load
                0x000000000000d560       0x40 modules/hal_nordic/nrfx/libmodules__hal_nordic__nrfx.a(nrfx_ipc.c.obj)
                0x000000000000d560                nrfx_ipc_config_load
 .text.nrfx_ipc_uninit
                0x000000000000d5a0       0x5c modules/hal_nordic/nrfx/libmodules__hal_nordic__nrfx.a(nrfx_ipc.c.obj)
                0x000000000000d5a0                nrfx_ipc_uninit
 .text.nrfx_ipc_receive_event_enable
                0x000000000000d5fc       0x10 modules/hal_nordic/nrfx/libmodules__hal_nordic__nrfx.a(nrfx_ipc.c.obj)
                0x000000000000d5fc                nrfx_ipc_receive_event_enable
 .text.nrfx_ipc_receive_event_disable
                0x000000000000d60c       0x10 modules/hal_nordic/nrfx/libmodules__hal_nordic__nrfx.a(nrfx_ipc.c.obj)
                0x000000000000d60c                nrfx_ipc_receive_event_disable
 .text.nrfx_ipc_irq_handler
                0x000000000000d61c       0x40 modules/hal_nordic/nrfx/libmodules__hal_nordic__nrfx.a(nrfx_ipc.c.obj)
                0x000000000000d61c                nrfx_ipc_irq_handler
 .text.rpc_handle_data_message
                0x000000000000d65c       0x54 /opt/nordic/ncs/v2.3.0/nrfxlib/nrf_modem/lib/cortex-m33/soft-float/libmodem.a(rpc_framework.c.obj)
                0x000000000000d65c                rpc_handle_data_message
 .text.rpc_transport_init
                0x000000000000d6b0        0xc /opt/nordic/ncs/v2.3.0/nrfxlib/nrf_modem/lib/cortex-m33/soft-float/libmodem.a(rpc_transport.c.obj)
                0x000000000000d6b0                rpc_transport_init
 .text.rpc_transport_msg_alloc
                0x000000000000d6bc        0xc /opt/nordic/ncs/v2.3.0/nrfxlib/nrf_modem/lib/cortex-m33/soft-float/libmodem.a(rpc_transport.c.obj)
                0x000000000000d6bc                rpc_transport_msg_alloc
 .text.rpc_transport_msg_rx_free
                0x000000000000d6c8        0xc /opt/nordic/ncs/v2.3.0/nrfxlib/nrf_modem/lib/cortex-m33/soft-float/libmodem.a(rpc_transport.c.obj)
                0x000000000000d6c8                rpc_transport_msg_rx_free
 .text.rpc_transport_msg_data_rx_free
                0x000000000000d6d4        0xc /opt/nordic/ncs/v2.3.0/nrfxlib/nrf_modem/lib/cortex-m33/soft-float/libmodem.a(rpc_transport.c.obj)
                0x000000000000d6d4                rpc_transport_msg_data_rx_free
 .text.rpc_transport_msg_send
                0x000000000000d6e0        0xc /opt/nordic/ncs/v2.3.0/nrfxlib/nrf_modem/lib/cortex-m33/soft-float/libmodem.a(rpc_transport.c.obj)
                0x000000000000d6e0                rpc_transport_msg_send
 .text.rpc_transport_ipc_msg_data_tx_size
                0x000000000000d6ec        0xc /opt/nordic/ncs/v2.3.0/nrfxlib/nrf_modem/lib/cortex-m33/soft-float/libmodem.a(rpc_transport_ipc.c.obj)
 .text.rpc_transport_ipc_msg_rx_free
                0x000000000000d6f8       0x4c /opt/nordic/ncs/v2.3.0/nrfxlib/nrf_modem/lib/cortex-m33/soft-float/libmodem.a(rpc_transport_ipc.c.obj)
 .text.rpc_transport_ipc_msg_tx_free
                0x000000000000d744       0x38 /opt/nordic/ncs/v2.3.0/nrfxlib/nrf_modem/lib/cortex-m33/soft-float/libmodem.a(rpc_transport_ipc.c.obj)
 .text.handle_modem_rpc_msg
                0x000000000000d77c       0x78 /opt/nordic/ncs/v2.3.0/nrfxlib/nrf_modem/lib/cortex-m33/soft-float/libmodem.a(rpc_transport_ipc.c.obj)
 .text.rpc_message_handler
                0x000000000000d7f4       0x24 /opt/nordic/ncs/v2.3.0/nrfxlib/nrf_modem/lib/cortex-m33/soft-float/libmodem.a(rpc_transport_ipc.c.obj)
 .text.ipc_irq_handler
                0x000000000000d818       0xfc /opt/nordic/ncs/v2.3.0/nrfxlib/nrf_modem/lib/cortex-m33/soft-float/libmodem.a(rpc_transport_ipc.c.obj)
                0x000000000000d818                ipc_irq_handler
 .text.rpc_transport_ipc_data_msg_send
                0x000000000000d914       0x6c /opt/nordic/ncs/v2.3.0/nrfxlib/nrf_modem/lib/cortex-m33/soft-float/libmodem.a(rpc_transport_ipc.c.obj)
 .text.rpc_transport_ipc_ctrl_msg_alloc
                0x000000000000d980       0x44 /opt/nordic/ncs/v2.3.0/nrfxlib/nrf_modem/lib/cortex-m33/soft-float/libmodem.a(rpc_transport_ipc.c.obj)
 .text.rpc_transport_ipc_data_msg_alloc
                0x000000000000d9c4       0x24 /opt/nordic/ncs/v2.3.0/nrfxlib/nrf_modem/lib/cortex-m33/soft-float/libmodem.a(rpc_transport_ipc.c.obj)
 .text.rpc_transport_ipc_init
                0x000000000000d9e8      0x1cc /opt/nordic/ncs/v2.3.0/nrfxlib/nrf_modem/lib/cortex-m33/soft-float/libmodem.a(rpc_transport_ipc.c.obj)
 .text.rpc_transport_ipc_ctrl_msg_send
                0x000000000000dbb4       0x6c /opt/nordic/ncs/v2.3.0/nrfxlib/nrf_modem/lib/cortex-m33/soft-float/libmodem.a(rpc_transport_ipc.c.obj)
 .text.rpc_transport_ipc_request_shutdown
                0x000000000000dc20       0x38 /opt/nordic/ncs/v2.3.0/nrfxlib/nrf_modem/lib/cortex-m33/soft-float/libmodem.a(rpc_transport_ipc.c.obj)
 .text.rpc_transport_ipc_msg_data_rx_free
                0x000000000000dc58       0x30 /opt/nordic/ncs/v2.3.0/nrfxlib/nrf_modem/lib/cortex-m33/soft-float/libmodem.a(rpc_transport_ipc.c.obj)
 .text.sock_init
                0x000000000000dc88       0x38 /opt/nordic/ncs/v2.3.0/nrfxlib/nrf_modem/lib/cortex-m33/soft-float/libmodem.a(sock.c.obj)
                0x000000000000dc88                sock_init
 .text.sock_find
                0x000000000000dcc0       0x24 /opt/nordic/ncs/v2.3.0/nrfxlib/nrf_modem/lib/cortex-m33/soft-float/libmodem.a(sock.c.obj)
                0x000000000000dcc0                sock_find
 .text.sock_flow_control_set
                0x000000000000dce4       0x54 /opt/nordic/ncs/v2.3.0/nrfxlib/nrf_modem/lib/cortex-m33/soft-float/libmodem.a(sock.c.obj)
                0x000000000000dce4                sock_flow_control_set
 .text.on_getaddrinfo_res
                0x000000000000dd38       0x18 /opt/nordic/ncs/v2.3.0/nrfxlib/nrf_modem/lib/cortex-m33/soft-float/libmodem.a(dns.c.obj)
                0x000000000000dd38                on_getaddrinfo_res
 .text.addrinfo_init
                0x000000000000dd50       0x1c /opt/nordic/ncs/v2.3.0/nrfxlib/nrf_modem/lib/cortex-m33/soft-float/libmodem.a(dns.c.obj)
                0x000000000000dd50                addrinfo_init
 .text.rpc_ip_event_handler
                0x000000000000dd6c      0x240 /opt/nordic/ncs/v2.3.0/nrfxlib/nrf_modem/lib/cortex-m33/soft-float/libmodem.a(ip.c.obj)
                0x000000000000dd6c                rpc_ip_event_handler
 .text.rpc_ip_init
                0x000000000000dfac       0x2c /opt/nordic/ncs/v2.3.0/nrfxlib/nrf_modem/lib/cortex-m33/soft-float/libmodem.a(ip.c.obj)
                0x000000000000dfac                rpc_ip_init
 .text.on_tls_attach_res
                0x000000000000dfd8       0x28 /opt/nordic/ncs/v2.3.0/nrfxlib/nrf_modem/lib/cortex-m33/soft-float/libmodem.a(tls.c.obj)
                0x000000000000dfd8                on_tls_attach_res
 .text.on_tls_handshake_ntf
                0x000000000000e000       0x34 /opt/nordic/ncs/v2.3.0/nrfxlib/nrf_modem/lib/cortex-m33/soft-float/libmodem.a(tls.c.obj)
                0x000000000000e000                on_tls_handshake_ntf
 .text.tls_attach
                0x000000000000e034       0xec /opt/nordic/ncs/v2.3.0/nrfxlib/nrf_modem/lib/cortex-m33/soft-float/libmodem.a(tls.c.obj)
                0x000000000000e034                tls_attach
 .text.rpc_error_to_nrf_errno
                0x000000000000e120       0x18 /opt/nordic/ncs/v2.3.0/nrfxlib/nrf_modem/lib/cortex-m33/soft-float/libmodem.a(tables.c.obj)
                0x000000000000e120                rpc_error_to_nrf_errno
 .text.at_cmd_send
                0x000000000000e138       0x74 /opt/nordic/ncs/v2.3.0/nrfxlib/nrf_modem/lib/cortex-m33/soft-float/libmodem.a(nrf_modem_at.c.obj)
 .text.at_response_match
                0x000000000000e1ac       0x48 /opt/nordic/ncs/v2.3.0/nrfxlib/nrf_modem/lib/cortex-m33/soft-float/libmodem.a(nrf_modem_at.c.obj)
 .text.at_vsprintf
                0x000000000000e1f4       0x50 /opt/nordic/ncs/v2.3.0/nrfxlib/nrf_modem/lib/cortex-m33/soft-float/libmodem.a(nrf_modem_at.c.obj)
 .text.nrf_modem_at_notif_handler_set
                0x000000000000e244        0xc /opt/nordic/ncs/v2.3.0/nrfxlib/nrf_modem/lib/cortex-m33/soft-float/libmodem.a(nrf_modem_at.c.obj)
                0x000000000000e244                nrf_modem_at_notif_handler_set
 .text.nrf_modem_at_printf
                0x000000000000e250       0x98 /opt/nordic/ncs/v2.3.0/nrfxlib/nrf_modem/lib/cortex-m33/soft-float/libmodem.a(nrf_modem_at.c.obj)
                0x000000000000e250                nrf_modem_at_printf
 .text.nrf_modem_at_cmd
                0x000000000000e2e8      0x13c /opt/nordic/ncs/v2.3.0/nrfxlib/nrf_modem/lib/cortex-m33/soft-float/libmodem.a(nrf_modem_at.c.obj)
                0x000000000000e2e8                nrf_modem_at_cmd
 .text.rpc_at_event_handler
                0x000000000000e424       0x7c /opt/nordic/ncs/v2.3.0/nrfxlib/nrf_modem/lib/cortex-m33/soft-float/libmodem.a(nrf_modem_at.c.obj)
                0x000000000000e424                rpc_at_event_handler
 .text.rpc_at_init
                0x000000000000e4a0       0x28 /opt/nordic/ncs/v2.3.0/nrfxlib/nrf_modem/lib/cortex-m33/soft-float/libmodem.a(nrf_modem_at.c.obj)
                0x000000000000e4a0                rpc_at_init
 .text.rpc_gnss_event_handler
                0x000000000000e4c8      0x134 /opt/nordic/ncs/v2.3.0/nrfxlib/nrf_modem/lib/cortex-m33/soft-float/libmodem.a(nrf_modem_gnss.c.obj)
                0x000000000000e4c8                rpc_gnss_event_handler
 .text.rpc_gnss_init
                0x000000000000e5fc       0x44 /opt/nordic/ncs/v2.3.0/nrfxlib/nrf_modem/lib/cortex-m33/soft-float/libmodem.a(nrf_modem_gnss.c.obj)
                0x000000000000e5fc                rpc_gnss_init
 .text.modem_off
                0x000000000000e640       0x28 /opt/nordic/ncs/v2.3.0/nrfxlib/nrf_modem/lib/cortex-m33/soft-float/libmodem.a(nrf_modem.c.obj)
 .text.atomic_set.constprop.0.isra.0
                0x000000000000e668       0x14 /opt/nordic/ncs/v2.3.0/nrfxlib/nrf_modem/lib/cortex-m33/soft-float/libmodem.a(nrf_modem.c.obj)
 .text.nrf_modem_init
                0x000000000000e67c       0x80 /opt/nordic/ncs/v2.3.0/nrfxlib/nrf_modem/lib/cortex-m33/soft-float/libmodem.a(nrf_modem.c.obj)
                0x000000000000e67c                nrf_modem_init
 .text.nrf_modem_fault_handler_set
                0x000000000000e6fc        0xc /opt/nordic/ncs/v2.3.0/nrfxlib/nrf_modem/lib/cortex-m33/soft-float/libmodem.a(nrf_modem_fault.c.obj)
                0x000000000000e6fc                nrf_modem_fault_handler_set
 .text.nrf_modem_fault_handler_internal
                0x000000000000e708       0x18 /opt/nordic/ncs/v2.3.0/nrfxlib/nrf_modem/lib/cortex-m33/soft-float/libmodem.a(nrf_modem_fault.c.obj)
                0x000000000000e708                nrf_modem_fault_handler_internal
 .text.nrf_modem_state_set
                0x000000000000e720        0xc /opt/nordic/ncs/v2.3.0/nrfxlib/nrf_modem/lib/cortex-m33/soft-float/libmodem.a(nrf_modem_state.c.obj)
                0x000000000000e720                nrf_modem_state_set
 .text.nrf_modem_state_is_initialized
                0x000000000000e72c       0x10 /opt/nordic/ncs/v2.3.0/nrfxlib/nrf_modem/lib/cortex-m33/soft-float/libmodem.a(nrf_modem_state.c.obj)
                0x000000000000e72c                nrf_modem_state_is_initialized
 .text.ipc_trace_init
                0x000000000000e73c       0x38 /opt/nordic/ncs/v2.3.0/nrfxlib/nrf_modem/lib/cortex-m33/soft-float/libmodem.a(ipc_trace.c.obj)
                0x000000000000e73c                ipc_trace_init
 .text.ipc_trace_handler
                0x000000000000e774       0xc8 /opt/nordic/ncs/v2.3.0/nrfxlib/nrf_modem/lib/cortex-m33/soft-float/libmodem.a(ipc_trace.c.obj)
                0x000000000000e774                ipc_trace_handler
 .text.z_impl_z_errno
                0x000000000000e83c        0xc zephyr/kernel/libkernel.a(errno.c.obj)
                0x000000000000e83c                z_impl_z_errno
 .text.z_sys_init_run_level
                0x000000000000e848       0x44 zephyr/kernel/libkernel.a(init.c.obj)
 .text.bg_thread_main
                0x000000000000e88c       0x34 zephyr/kernel/libkernel.a(init.c.obj)
 .text.z_bss_zero
                0x000000000000e8c0       0x18 zephyr/kernel/libkernel.a(init.c.obj)
                0x000000000000e8c0                z_bss_zero
 .text.z_init_cpu
                0x000000000000e8d8       0x68 zephyr/kernel/libkernel.a(init.c.obj)
                0x000000000000e8d8                z_init_cpu
 .text.z_cstart
                0x000000000000e940       0xe0 zephyr/kernel/libkernel.a(init.c.obj)
                0x000000000000e940                z_cstart
 .text.statics_init
                0x000000000000ea20       0x24 zephyr/kernel/libkernel.a(kheap.c.obj)
 .text.z_setup_new_thread
                0x000000000000ea44       0x60 zephyr/kernel/libkernel.a(thread.c.obj)
                0x000000000000ea44                z_setup_new_thread
 .text.z_impl_k_thread_create
                0x000000000000eaa4       0x58 zephyr/kernel/libkernel.a(thread.c.obj)
                0x000000000000eaa4                z_impl_k_thread_create
 .text.z_init_static_threads
                0x000000000000eafc       0xb8 zephyr/kernel/libkernel.a(thread.c.obj)
                0x000000000000eafc                z_init_static_threads
 .text.idle     0x000000000000ebb4       0x38 zephyr/kernel/libkernel.a(idle.c.obj)
                0x000000000000ebb4                idle
 .text.z_impl_k_mutex_lock
                0x000000000000ebec       0xf4 zephyr/kernel/libkernel.a(mutex.c.obj)
                0x000000000000ebec                z_impl_k_mutex_lock
 .text.z_impl_k_mutex_unlock
                0x000000000000ece0       0x78 zephyr/kernel/libkernel.a(mutex.c.obj)
                0x000000000000ece0                z_impl_k_mutex_unlock
 .text.z_impl_k_queue_get
                0x000000000000ed58       0x68 zephyr/kernel/libkernel.a(queue.c.obj)
                0x000000000000ed58                z_impl_k_queue_get
 .text.z_impl_k_sem_give
                0x000000000000edc0       0x40 zephyr/kernel/libkernel.a(sem.c.obj)
                0x000000000000edc0                z_impl_k_sem_give
 .text.z_impl_k_sem_take
                0x000000000000ee00       0x50 zephyr/kernel/libkernel.a(sem.c.obj)
                0x000000000000ee00                z_impl_k_sem_take
 .text.work_queue_main
                0x000000000000ee50      0x138 zephyr/kernel/libkernel.a(work.c.obj)
 .text.submit_to_queue_locked
                0x000000000000ef88       0xb4 zephyr/kernel/libkernel.a(work.c.obj)
 .text.k_work_submit
                0x000000000000f03c        0xc zephyr/kernel/libkernel.a(work.c.obj)
                0x000000000000f03c                k_work_submit
 .text.k_work_queue_start
                0x000000000000f048       0x70 zephyr/kernel/libkernel.a(work.c.obj)
                0x000000000000f048                k_work_queue_start
 .text.z_reset_time_slice
                0x000000000000f0b8       0x28 zephyr/kernel/libkernel.a(sched.c.obj)
                0x000000000000f0b8                z_reset_time_slice
 .text.update_cache
                0x000000000000f0e0       0x3c zephyr/kernel/libkernel.a(sched.c.obj)
 .text.move_thread_to_end_of_prio_q
                0x000000000000f11c       0x74 zephyr/kernel/libkernel.a(sched.c.obj)
 .text.ready_thread
                0x000000000000f190       0x68 zephyr/kernel/libkernel.a(sched.c.obj)
 .text.unready_thread
                0x000000000000f1f8       0x30 zephyr/kernel/libkernel.a(sched.c.obj)
 .text.pend_locked
                0x000000000000f228       0x30 zephyr/kernel/libkernel.a(sched.c.obj)
 .text.k_sched_time_slice_set
                0x000000000000f258       0x64 zephyr/kernel/libkernel.a(sched.c.obj)
                0x000000000000f258                k_sched_time_slice_set
 .text.z_time_slice
                0x000000000000f2bc       0x84 zephyr/kernel/libkernel.a(sched.c.obj)
                0x000000000000f2bc                z_time_slice
 .text.z_pend_curr
                0x000000000000f340       0x3c zephyr/kernel/libkernel.a(sched.c.obj)
                0x000000000000f340                z_pend_curr
 .text.z_set_prio
                0x000000000000f37c       0x8c zephyr/kernel/libkernel.a(sched.c.obj)
                0x000000000000f37c                z_set_prio
 .text.z_reschedule
                0x000000000000f408       0x24 zephyr/kernel/libkernel.a(sched.c.obj)
                0x000000000000f408                z_reschedule
 .text.z_sched_start
                0x000000000000f42c       0x3c zephyr/kernel/libkernel.a(sched.c.obj)
                0x000000000000f42c                z_sched_start
 .text.z_impl_k_thread_suspend
                0x000000000000f468       0x64 zephyr/kernel/libkernel.a(sched.c.obj)
                0x000000000000f468                z_impl_k_thread_suspend
 .text.k_sched_lock
                0x000000000000f4cc       0x28 zephyr/kernel/libkernel.a(sched.c.obj)
                0x000000000000f4cc                k_sched_lock
 .text.k_sched_unlock
                0x000000000000f4f4       0x38 zephyr/kernel/libkernel.a(sched.c.obj)
                0x000000000000f4f4                k_sched_unlock
 .text.z_sched_init
                0x000000000000f52c       0x18 zephyr/kernel/libkernel.a(sched.c.obj)
                0x000000000000f52c                z_sched_init
 .text.z_impl_k_yield
                0x000000000000f544       0x7c zephyr/kernel/libkernel.a(sched.c.obj)
                0x000000000000f544                z_impl_k_yield
 .text.z_tick_sleep
                0x000000000000f5c0       0x88 zephyr/kernel/libkernel.a(sched.c.obj)
 .text.z_impl_k_sleep
                0x000000000000f648       0x34 zephyr/kernel/libkernel.a(sched.c.obj)
                0x000000000000f648                z_impl_k_sleep
 .text.z_impl_z_current_get
                0x000000000000f67c        0xc zephyr/kernel/libkernel.a(sched.c.obj)
                0x000000000000f67c                z_impl_z_current_get
 .text.z_thread_abort
                0x000000000000f688       0xc0 zephyr/kernel/libkernel.a(sched.c.obj)
                0x000000000000f688                z_thread_abort
 .text.z_sched_wait
                0x000000000000f748       0x24 zephyr/kernel/libkernel.a(sched.c.obj)
                0x000000000000f748                z_sched_wait
 .text.z_data_copy
                0x000000000000f76c       0x34 zephyr/kernel/libkernel.a(xip.c.obj)
                0x000000000000f76c                z_data_copy
 .text.elapsed  0x000000000000f7a0       0x14 zephyr/kernel/libkernel.a(timeout.c.obj)
 .text.next_timeout
                0x000000000000f7b4       0x50 zephyr/kernel/libkernel.a(timeout.c.obj)
 .text.remove_timeout
                0x000000000000f804       0x38 zephyr/kernel/libkernel.a(timeout.c.obj)
 .text.z_add_timeout
                0x000000000000f83c       0xfc zephyr/kernel/libkernel.a(timeout.c.obj)
                0x000000000000f83c                z_add_timeout
 .text.sys_clock_announce
                0x000000000000f938       0xb8 zephyr/kernel/libkernel.a(timeout.c.obj)
                0x000000000000f938                sys_clock_announce
 .text.sys_clock_tick_get
                0x000000000000f9f0       0x34 zephyr/kernel/libkernel.a(timeout.c.obj)
                0x000000000000f9f0                sys_clock_tick_get
 .text.k_aligned_alloc
                0x000000000000fa24       0x10 zephyr/kernel/libkernel.a(mempool.c.obj)
                0x000000000000fa24                k_aligned_alloc
 .text.k_thread_system_pool_assign
                0x000000000000fa34        0xc zephyr/kernel/libkernel.a(mempool.c.obj)
                0x000000000000fa34                k_thread_system_pool_assign
 .text.z_thread_aligned_alloc
                0x000000000000fa40       0x30 zephyr/kernel/libkernel.a(mempool.c.obj)
                0x000000000000fa40                z_thread_aligned_alloc
 .text.boot_banner
                0x000000000000fa70        0xc zephyr/kernel/libkernel.a(banner.c.obj)
                0x000000000000fa70                boot_banner
 .text.k_sys_work_q_init
                0x000000000000fa7c       0x34 zephyr/kernel/libkernel.a(system_work_q.c.obj)
 .text._free_r  0x000000000000fab0       0x94 /opt/nordic/ncs/toolchains/v2.3.0/opt/zephyr-sdk/arm-zephyr-eabi/arm-zephyr-eabi/lib/thumb/v8-m.main/nofp/libc_nano.a(lib_a-nano-freer.o)
                0x000000000000fab0                _free_r
 .text._malloc_r
                0x000000000000fb44       0xb4 /opt/nordic/ncs/toolchains/v2.3.0/opt/zephyr-sdk/arm-zephyr-eabi/arm-zephyr-eabi/lib/thumb/v8-m.main/nofp/libc_nano.a(lib_a-nano-mallocr.o)
                0x000000000000fb44                _malloc_r
 .text._sbrk_r  0x000000000000fbf8       0x20 /opt/nordic/ncs/toolchains/v2.3.0/opt/zephyr-sdk/arm-zephyr-eabi/arm-zephyr-eabi/lib/thumb/v8-m.main/nofp/libc_nano.a(lib_a-sbrkr.o)
                0x000000000000fbf8                _sbrk_r
 .text._strtol_l.constprop.0
                0x000000000000fc18       0xfc /opt/nordic/ncs/toolchains/v2.3.0/opt/zephyr-sdk/arm-zephyr-eabi/arm-zephyr-eabi/lib/thumb/v8-m.main/nofp/libc_nano.a(lib_a-strtol.o)
 .text.strtol   0x000000000000fd14       0x14 /opt/nordic/ncs/toolchains/v2.3.0/opt/zephyr-sdk/arm-zephyr-eabi/arm-zephyr-eabi/lib/thumb/v8-m.main/nofp/libc_nano.a(lib_a-strtol.o)
                0x000000000000fd14                strtol
 .text._strtoll_l.constprop.0
                0x000000000000fd28      0x128 /opt/nordic/ncs/toolchains/v2.3.0/opt/zephyr-sdk/arm-zephyr-eabi/arm-zephyr-eabi/lib/thumb/v8-m.main/nofp/libc_nano.a(lib_a-strtoll.o)
 .text.strtoll  0x000000000000fe50       0x14 /opt/nordic/ncs/toolchains/v2.3.0/opt/zephyr-sdk/arm-zephyr-eabi/arm-zephyr-eabi/lib/thumb/v8-m.main/nofp/libc_nano.a(lib_a-strtoll.o)
                0x000000000000fe50                strtoll
 .text._strtoul_l.constprop.0
                0x000000000000fe64       0xe4 /opt/nordic/ncs/toolchains/v2.3.0/opt/zephyr-sdk/arm-zephyr-eabi/arm-zephyr-eabi/lib/thumb/v8-m.main/nofp/libc_nano.a(lib_a-strtoul.o)
 .text.strtoul  0x000000000000ff48       0x14 /opt/nordic/ncs/toolchains/v2.3.0/opt/zephyr-sdk/arm-zephyr-eabi/arm-zephyr-eabi/lib/thumb/v8-m.main/nofp/libc_nano.a(lib_a-strtoul.o)
                0x000000000000ff48                strtoul
 .text.vsnprintf
                0x000000000000ff5c       0x1c /opt/nordic/ncs/toolchains/v2.3.0/opt/zephyr-sdk/arm-zephyr-eabi/arm-zephyr-eabi/lib/thumb/v8-m.main/nofp/libc_nano.a(lib_a-vsnprintf.o)
                0x000000000000ff5c                vsnprintf
                0x000000000000ff5c                vsniprintf
 .text.__malloc_lock
                0x000000000000ff78        0xc /opt/nordic/ncs/toolchains/v2.3.0/opt/zephyr-sdk/arm-zephyr-eabi/arm-zephyr-eabi/lib/thumb/v8-m.main/nofp/libc_nano.a(lib_a-mlock.o)
                0x000000000000ff78                __malloc_lock
 .text.__malloc_unlock
                0x000000000000ff84        0xc /opt/nordic/ncs/toolchains/v2.3.0/opt/zephyr-sdk/arm-zephyr-eabi/arm-zephyr-eabi/lib/thumb/v8-m.main/nofp/libc_nano.a(lib_a-mlock.o)
                0x000000000000ff84                __malloc_unlock
 .text._svfprintf_r
                0x000000000000ff90      0x1f8 /opt/nordic/ncs/toolchains/v2.3.0/opt/zephyr-sdk/arm-zephyr-eabi/arm-zephyr-eabi/lib/thumb/v8-m.main/nofp/libc_nano.a(lib_a-nano-svfprintf.o)
                0x000000000000ff90                _svfprintf_r
                0x000000000000ff90                _svfiprintf_r
 .text._printf_i
                0x0000000000010188      0x25c /opt/nordic/ncs/toolchains/v2.3.0/opt/zephyr-sdk/arm-zephyr-eabi/arm-zephyr-eabi/lib/thumb/v8-m.main/nofp/libc_nano.a(lib_a-nano-vfprintf_i.o)
                0x0000000000010188                _printf_i
 .text.arch_printk_char_out
                0x00000000000103e4        0x4 zephyr/libzephyr.a(printk.c.obj)
                0x00000000000103e4                arch_printk_char_out
 .text.printk   0x00000000000103e8       0x1a zephyr/libzephyr.a(printk.c.obj)
                0x00000000000103e8                printk
 .text.z_thread_entry
                0x0000000000010402       0x14 zephyr/libzephyr.a(thread_entry.c.obj)
                0x0000000000010402                z_thread_entry
 .text.chunk_size
                0x0000000000010416        0xa zephyr/libzephyr.a(heap.c.obj)
 .text.free_list_add
                0x0000000000010420       0x4e zephyr/libzephyr.a(heap.c.obj)
 .text.free_list_remove_bidx
                0x000000000001046e       0x3a zephyr/libzephyr.a(heap.c.obj)
 .text.free_list_remove
                0x00000000000104a8       0x1a zephyr/libzephyr.a(heap.c.obj)
 .text.alloc_chunk
                0x00000000000104c2       0x6e zephyr/libzephyr.a(heap.c.obj)
 .text.merge_chunks
                0x0000000000010530       0x2c zephyr/libzephyr.a(heap.c.obj)
 .text.split_chunks
                0x000000000001055c       0x34 zephyr/libzephyr.a(heap.c.obj)
 .text.free_chunk
                0x0000000000010590       0x62 zephyr/libzephyr.a(heap.c.obj)
 .text.sys_heap_free
                0x00000000000105f2       0x1e zephyr/libzephyr.a(heap.c.obj)
                0x00000000000105f2                sys_heap_free
 .text.sys_heap_alloc
                0x0000000000010610       0x52 zephyr/libzephyr.a(heap.c.obj)
                0x0000000000010610                sys_heap_alloc
 .text.sys_heap_aligned_alloc
                0x0000000000010662       0xce zephyr/libzephyr.a(heap.c.obj)
                0x0000000000010662                sys_heap_aligned_alloc
 .text.sys_heap_init
                0x0000000000010730       0x70 zephyr/libzephyr.a(heap.c.obj)
                0x0000000000010730                sys_heap_init
 .text.process_recheck
                0x00000000000107a0       0x38 zephyr/libzephyr.a(onoff.c.obj)
 .text.validate_args
                0x00000000000107d8       0x20 zephyr/libzephyr.a(onoff.c.obj)
 .text.notify_one
                0x00000000000107f8       0x2c zephyr/libzephyr.a(onoff.c.obj)
 .text.transition_complete
                0x0000000000010824       0x1c zephyr/libzephyr.a(onoff.c.obj)
 .text.onoff_manager_init
                0x0000000000010840       0x26 zephyr/libzephyr.a(onoff.c.obj)
                0x0000000000010840                onoff_manager_init
 .text.onoff_request
                0x0000000000010866       0xb0 zephyr/libzephyr.a(onoff.c.obj)
                0x0000000000010866                onoff_request
 .text.sys_notify_validate
                0x0000000000010916       0x22 zephyr/libzephyr.a(notify.c.obj)
                0x0000000000010916                sys_notify_validate
 .text.sys_notify_finalize
                0x0000000000010938       0x1a zephyr/libzephyr.a(notify.c.obj)
                0x0000000000010938                sys_notify_finalize
 .text.outs     0x0000000000010952       0x2e zephyr/libzephyr.a(cbprintf_complete.c.obj)
 .text._ConfigAbsSyms
                0x0000000000010980        0x2 zephyr/libzephyr.a(configs.c.obj)
                0x0000000000010980                _ConfigAbsSyms
 .text.pm_state_set
                0x0000000000010982       0x18 zephyr/libzephyr.a(power.c.obj)
                0x0000000000010982                pm_state_set
 .text.pm_state_exit_post_ops
                0x000000000001099a        0xc zephyr/libzephyr.a(power.c.obj)
                0x000000000001099a                pm_state_exit_post_ops
 .text.z_arm_fatal_error
                0x00000000000109a6        0x4 zephyr/arch/arch/arm/core/aarch32/libarch__arm__core__aarch32.a(fatal.c.obj)
                0x00000000000109a6                z_arm_fatal_error
 .text.z_do_kernel_oops
                0x00000000000109aa        0x8 zephyr/arch/arch/arm/core/aarch32/libarch__arm__core__aarch32.a(fatal.c.obj)
                0x00000000000109aa                z_do_kernel_oops
 .text.z_irq_spurious
                0x00000000000109b2        0x8 zephyr/arch/arch/arm/core/aarch32/libarch__arm__core__aarch32.a(irq_manage.c.obj)
                0x00000000000109b2                z_irq_spurious
 .text.z_arm_nmi
                0x00000000000109ba        0xe zephyr/arch/arch/arm/core/aarch32/libarch__arm__core__aarch32.a(nmi.c.obj)
                0x00000000000109ba                z_arm_nmi
 .text.configure_builtin_stack_guard
                0x00000000000109c8        0x8 zephyr/arch/arch/arm/core/aarch32/libarch__arm__core__aarch32.a(thread.c.obj)
                0x00000000000109c8                configure_builtin_stack_guard
 .text.z_arm_save_fp_context
                0x00000000000109d0        0x2 zephyr/arch/arch/arm/core/aarch32/cortex_m/libarch__arm__core__aarch32__cortex_m.a(fpu.c.obj)
                0x00000000000109d0                z_arm_save_fp_context
 .text.z_arm_restore_fp_context
                0x00000000000109d2        0x2 zephyr/arch/arch/arm/core/aarch32/cortex_m/libarch__arm__core__aarch32__cortex_m.a(fpu.c.obj)
                0x00000000000109d2                z_arm_restore_fp_context
 .text.arm_cmse_mpu_region_get
                0x00000000000109d4       0x12 zephyr/arch/arch/arm/core/aarch32/cortex_m/cmse/libarch__arm__core__aarch32__cortex_m__cmse.a(arm_core_cmse.c.obj)
                0x00000000000109d4                arm_cmse_mpu_region_get
 .text.mpu_configure_region
                0x00000000000109e6       0x3a zephyr/arch/arch/arm/core/aarch32/mpu/libarch__arm__core__aarch32__mpu.a(arm_mpu.c.obj)
 .text.malloc_prepare
                0x0000000000010a20        0x4 zephyr/lib/libc/newlib/liblib__libc__newlib.a(libc-hooks.c.obj)
 .text._stdout_hook_default
                0x0000000000010a24        0x6 zephyr/lib/libc/newlib/liblib__libc__newlib.a(libc-hooks.c.obj)
 .text.__retarget_lock_acquire_recursive
                0x0000000000010a2a        0xc zephyr/lib/libc/newlib/liblib__libc__newlib.a(libc-hooks.c.obj)
                0x0000000000010a2a                __retarget_lock_acquire_recursive
 .text.__retarget_lock_release_recursive
                0x0000000000010a36        0x4 zephyr/lib/libc/newlib/liblib__libc__newlib.a(libc-hooks.c.obj)
                0x0000000000010a36                __retarget_lock_release_recursive
 .text.__errno  0x0000000000010a3a        0x4 zephyr/lib/libc/newlib/liblib__libc__newlib.a(libc-hooks.c.obj)
                0x0000000000010a3a                __errno
 .text.get_status
                0x0000000000010a3e       0x12 zephyr/drivers/clock_control/libdrivers__clock_control.a(clock_control_nrf.c.obj)
 .text.set_on_state
                0x0000000000010a50       0x26 zephyr/drivers/clock_control/libdrivers__clock_control.a(clock_control_nrf.c.obj)
 .text.stop     0x0000000000010a76       0x54 zephyr/drivers/clock_control/libdrivers__clock_control.a(clock_control_nrf.c.obj)
 .text.api_stop
                0x0000000000010aca        0x6 zephyr/drivers/clock_control/libdrivers__clock_control.a(clock_control_nrf.c.obj)
 .text.async_start
                0x0000000000010ad0       0x5e zephyr/drivers/clock_control/libdrivers__clock_control.a(clock_control_nrf.c.obj)
 .text.api_start
                0x0000000000010b2e        0xe zephyr/drivers/clock_control/libdrivers__clock_control.a(clock_control_nrf.c.obj)
 .text.onoff_started_callback
                0x0000000000010b3c       0x12 zephyr/drivers/clock_control/libdrivers__clock_control.a(clock_control_nrf.c.obj)
 .text.lfclk_start
                0x0000000000010b4e        0x6 zephyr/drivers/clock_control/libdrivers__clock_control.a(clock_control_nrf.c.obj)
 .text.lfclk_stop
                0x0000000000010b54        0x6 zephyr/drivers/clock_control/libdrivers__clock_control.a(clock_control_nrf.c.obj)
 .text.blocking_start_callback
                0x0000000000010b5a        0x6 zephyr/drivers/clock_control/libdrivers__clock_control.a(clock_control_nrf.c.obj)
 .text.gpio_nrfx_port_get_raw
                0x0000000000010b60        0xc zephyr/drivers/gpio/libdrivers__gpio.a(gpio_nrfx.c.obj)
 .text.gpio_nrfx_port_set_masked_raw
                0x0000000000010b6c       0x14 zephyr/drivers/gpio/libdrivers__gpio.a(gpio_nrfx.c.obj)
 .text.gpio_nrfx_port_set_bits_raw
                0x0000000000010b80        0xa zephyr/drivers/gpio/libdrivers__gpio.a(gpio_nrfx.c.obj)
 .text.gpio_nrfx_port_clear_bits_raw
                0x0000000000010b8a        0xa zephyr/drivers/gpio/libdrivers__gpio.a(gpio_nrfx.c.obj)
 .text.gpio_nrfx_port_toggle_bits
                0x0000000000010b94       0x14 zephyr/drivers/gpio/libdrivers__gpio.a(gpio_nrfx.c.obj)
 .text.gpio_nrfx_manage_callback
                0x0000000000010ba8       0x52 zephyr/drivers/gpio/libdrivers__gpio.a(gpio_nrfx.c.obj)
 .text.uarte_nrfx_config_get
                0x0000000000010bfa       0x10 zephyr/drivers/serial/libdrivers__serial.a(uart_nrfx_uarte.c.obj)
 .text.uarte_nrfx_err_check
                0x0000000000010c0a        0xe zephyr/drivers/serial/libdrivers__serial.a(uart_nrfx_uarte.c.obj)
 .text.uarte_nrfx_poll_in
                0x0000000000010c18       0x28 zephyr/drivers/serial/libdrivers__serial.a(uart_nrfx_uarte.c.obj)
 .text.is_tx_ready.isra.0
                0x0000000000010c40       0x20 zephyr/drivers/serial/libdrivers__serial.a(uart_nrfx_uarte.c.obj)
 .text.uarte_nrfx_isr_int
                0x0000000000010c60       0x72 zephyr/drivers/serial/libdrivers__serial.a(uart_nrfx_uarte.c.obj)
 .text.entropy_psa_crypto_rng_get_entropy
                0x0000000000010cd2       0x14 zephyr/drivers/entropy/libdrivers__entropy.a(entropy_psa_crypto.c.obj)
 .text.entropy_psa_crypto_rng_init
                0x0000000000010ce6       0x10 zephyr/drivers/entropy/libdrivers__entropy.a(entropy_psa_crypto.c.obj)
 .text.sys_clock_idle_exit
                0x0000000000010cf6        0x2 zephyr/drivers/timer/libdrivers__timer.a(sys_clock_init.c.obj)
                0x0000000000010cf6                sys_clock_idle_exit
 .text.event_clear
                0x0000000000010cf8       0x18 zephyr/drivers/timer/libdrivers__timer.a(nrf_rtc_timer.c.obj)
 .text.pinctrl_lookup_state
                0x0000000000010d10       0x26 zephyr/drivers/pinctrl/libdrivers__pinctrl.a(common.c.obj)
                0x0000000000010d10                pinctrl_lookup_state
 .text.nrf_modem_os_busywait
                0x0000000000010d36        0x4 modules/nrf/lib/nrf_modem_lib/lib..__nrf__lib__nrf_modem_lib.a(nrf_modem_os.c.obj)
                0x0000000000010d36                nrf_modem_os_busywait
 .text.nrf_modem_os_errno_set
                0x0000000000010d3a        0xc modules/nrf/lib/nrf_modem_lib/lib..__nrf__lib__nrf_modem_lib.a(nrf_modem_os.c.obj)
                0x0000000000010d3a                nrf_modem_os_errno_set
 .text.nrf_modem_os_is_in_isr
                0x0000000000010d46        0x4 modules/nrf/lib/nrf_modem_lib/lib..__nrf__lib__nrf_modem_lib.a(nrf_modem_os.c.obj)
                0x0000000000010d46                nrf_modem_os_is_in_isr
 .text.nrf_modem_os_sem_give
                0x0000000000010d4a        0x4 modules/nrf/lib/nrf_modem_lib/lib..__nrf__lib__nrf_modem_lib.a(nrf_modem_os.c.obj)
                0x0000000000010d4a                nrf_modem_os_sem_give
 .text.nrf_modem_os_sem_take
                0x0000000000010d4e       0x40 modules/nrf/lib/nrf_modem_lib/lib..__nrf__lib__nrf_modem_lib.a(nrf_modem_os.c.obj)
                0x0000000000010d4e                nrf_modem_os_sem_take
 .text.nrf_modem_fault_handler
                0x0000000000010d8e        0x2 modules/nrf/lib/nrf_modem_lib/lib..__nrf__lib__nrf_modem_lib.a(fault.c.obj)
                0x0000000000010d8e                nrf_modem_fault_handler
 .text.is_notification
                0x0000000000010d90       0x18 modules/nrf/lib/at_cmd_parser/lib..__nrf__lib__at_cmd_parser.a(at_cmd_parser.c.obj)
 .text.is_lfcr  0x0000000000010da8       0x12 modules/nrf/lib/at_cmd_parser/lib..__nrf__lib__at_cmd_parser.a(at_cmd_parser.c.obj)
 .text.skip_command_prefix
                0x0000000000010dba       0x1c modules/nrf/lib/at_cmd_parser/lib..__nrf__lib__at_cmd_parser.a(at_cmd_parser.c.obj)
 .text.at_parser_params_from_str
                0x0000000000010dd6        0x6 modules/nrf/lib/at_cmd_parser/lib..__nrf__lib__at_cmd_parser.a(at_cmd_parser.c.obj)
                0x0000000000010dd6                at_parser_params_from_str
 .text.at_params_get
                0x0000000000010ddc       0x10 modules/nrf/lib/at_cmd_parser/lib..__nrf__lib__at_cmd_parser.a(at_params.c.obj)
 .text.at_param_clear
                0x0000000000010dec       0x1c modules/nrf/lib/at_cmd_parser/lib..__nrf__lib__at_cmd_parser.a(at_params.c.obj)
 .text.at_params_list_init
                0x0000000000010e08       0x26 modules/nrf/lib/at_cmd_parser/lib..__nrf__lib__at_cmd_parser.a(at_params.c.obj)
                0x0000000000010e08                at_params_list_init
 .text.at_params_list_clear
                0x0000000000010e2e       0x2e modules/nrf/lib/at_cmd_parser/lib..__nrf__lib__at_cmd_parser.a(at_params.c.obj)
                0x0000000000010e2e                at_params_list_clear
 .text.at_params_list_free
                0x0000000000010e5c       0x1c modules/nrf/lib/at_cmd_parser/lib..__nrf__lib__at_cmd_parser.a(at_params.c.obj)
                0x0000000000010e5c                at_params_list_free
 .text.at_params_empty_put
                0x0000000000010e78       0x2a modules/nrf/lib/at_cmd_parser/lib..__nrf__lib__at_cmd_parser.a(at_params.c.obj)
                0x0000000000010e78                at_params_empty_put
 .text.at_params_int_put
                0x0000000000010ea2       0x2a modules/nrf/lib/at_cmd_parser/lib..__nrf__lib__at_cmd_parser.a(at_params.c.obj)
                0x0000000000010ea2                at_params_int_put
 .text.at_params_string_put
                0x0000000000010ecc       0x46 modules/nrf/lib/at_cmd_parser/lib..__nrf__lib__at_cmd_parser.a(at_params.c.obj)
                0x0000000000010ecc                at_params_string_put
 .text.at_params_array_put
                0x0000000000010f12       0x46 modules/nrf/lib/at_cmd_parser/lib..__nrf__lib__at_cmd_parser.a(at_params.c.obj)
                0x0000000000010f12                at_params_array_put
 .text.at_params_short_get
                0x0000000000010f58       0x38 modules/nrf/lib/at_cmd_parser/lib..__nrf__lib__at_cmd_parser.a(at_params.c.obj)
                0x0000000000010f58                at_params_short_get
 .text.at_params_unsigned_short_get
                0x0000000000010f90       0x30 modules/nrf/lib/at_cmd_parser/lib..__nrf__lib__at_cmd_parser.a(at_params.c.obj)
                0x0000000000010f90                at_params_unsigned_short_get
 .text.at_params_int_get
                0x0000000000010fc0       0x30 modules/nrf/lib/at_cmd_parser/lib..__nrf__lib__at_cmd_parser.a(at_params.c.obj)
                0x0000000000010fc0                at_params_int_get
 .text.at_params_int64_get
                0x0000000000010ff0       0x28 modules/nrf/lib/at_cmd_parser/lib..__nrf__lib__at_cmd_parser.a(at_params.c.obj)
                0x0000000000010ff0                at_params_int64_get
 .text.at_params_string_get
                0x0000000000011018       0x40 modules/nrf/lib/at_cmd_parser/lib..__nrf__lib__at_cmd_parser.a(at_params.c.obj)
                0x0000000000011018                at_params_string_get
 .text.at_params_valid_count_get
                0x0000000000011058       0x2a modules/nrf/lib/at_cmd_parser/lib..__nrf__lib__at_cmd_parser.a(at_params.c.obj)
                0x0000000000011058                at_params_valid_count_get
 .text.at_handler_cscon
                0x0000000000011082       0x2c modules/nrf/lib/lte_link_control/lib..__nrf__lib__lte_link_control.a(lte_lc.c.obj)
 .text.at_handler_cedrxp
                0x00000000000110ae       0x2a modules/nrf/lib/lte_link_control/lib..__nrf__lib__lte_link_control.a(lte_lc.c.obj)
 .text.at_handler_xt3412
                0x00000000000110d8       0x38 modules/nrf/lib/lte_link_control/lib..__nrf__lib__lte_link_control.a(lte_lc.c.obj)
 .text.at_handler_xmodemsleep
                0x0000000000011110       0x52 modules/nrf/lib/lte_link_control/lib..__nrf__lib__lte_link_control.a(lte_lc.c.obj)
 .text.at_handler_mdmev
                0x0000000000011162       0x2a modules/nrf/lib/lte_link_control/lib..__nrf__lib__lte_link_control.a(lte_lc.c.obj)
 .text.response_is_valid
                0x000000000001118c       0x2e modules/nrf/lib/lte_link_control/lib..__nrf__lib__lte_link_control.a(lte_lc_helpers.c.obj)
                0x000000000001118c                response_is_valid
 .text.string_to_int
                0x00000000000111ba       0x4c modules/nrf/lib/lte_link_control/lib..__nrf__lib__lte_link_control.a(lte_lc_helpers.c.obj)
                0x00000000000111ba                string_to_int
 .text.string_param_to_int.constprop.0
                0x0000000000011206       0x34 modules/nrf/lib/lte_link_control/lib..__nrf__lib__lte_link_control.a(lte_lc_helpers.c.obj)
 .text.parse_rrc_mode
                0x000000000001123a       0x58 modules/nrf/lib/lte_link_control/lib..__nrf__lib__lte_link_control.a(lte_lc_helpers.c.obj)
                0x000000000001123a                parse_rrc_mode
 .text.neighborcell_count_get
                0x0000000000011292       0x24 modules/nrf/lib/lte_link_control/lib..__nrf__lib__lte_link_control.a(lte_lc_helpers.c.obj)
                0x0000000000011292                neighborcell_count_get
 .text.parse_xmodemsleep
                0x00000000000112b6       0x78 modules/nrf/lib/lte_link_control/lib..__nrf__lib__lte_link_control.a(lte_lc_helpers.c.obj)
                0x00000000000112b6                parse_xmodemsleep
 .text.on_modem_init
                0x000000000001132e        0x2 modules/nrf/lib/lte_link_control/lib..__nrf__lib__lte_link_control.a(lte_lc_modem_hooks.c.obj)
 .text.on_modem_shutdown
                0x0000000000011330        0x4 modules/nrf/lib/lte_link_control/lib..__nrf__lib__lte_link_control.a(lte_lc_modem_hooks.c.obj)
 .text.k_sys_fatal_error_handler
                0x0000000000011334        0x8 modules/nrf/lib/fatal_error/lib..__nrf__lib__fatal_error.a(fatal_error.c.obj)
                0x0000000000011334                k_sys_fatal_error_handler
 .text.ns_interface_init
                0x000000000001133c        0x4 modules/trusted-firmware-m/libtfm_api.a(interface.c.obj)
 .text.psa_crypto_init
                0x0000000000011340        0x4 modules/trusted-firmware-m/libtfm_api.a(tfm_crypto_ipc_api.c.obj)
                0x0000000000011340                psa_crypto_init
 .text.nrfx_isr
                0x0000000000011344        0x2 modules/hal_nordic/nrfx/libmodules__hal_nordic__nrfx.a(nrfx_glue.c.obj)
                0x0000000000011344                nrfx_isr
 .text.nrfx_busy_wait
                0x0000000000011346        0x4 modules/hal_nordic/nrfx/libmodules__hal_nordic__nrfx.a(nrfx_glue.c.obj)
                0x0000000000011346                nrfx_busy_wait
 .text.nrfx_clock_stop
                0x000000000001134a        0x4 modules/hal_nordic/nrfx/libmodules__hal_nordic__nrfx.a(nrfx_clock.c.obj)
                0x000000000001134a                nrfx_clock_stop
 .text.rpc_handle_ctrl_message
                0x000000000001134e       0x30 /opt/nordic/ncs/v2.3.0/nrfxlib/nrf_modem/lib/cortex-m33/soft-float/libmodem.a(rpc_framework.c.obj)
                0x000000000001134e                rpc_handle_ctrl_message
 .text.rpc_init
                0x000000000001137e        0x4 /opt/nordic/ncs/v2.3.0/nrfxlib/nrf_modem/lib/cortex-m33/soft-float/libmodem.a(rpc_framework.c.obj)
                0x000000000001137e                rpc_init
 .text.rpc_list_preambles_init
                0x0000000000011382       0x20 /opt/nordic/ncs/v2.3.0/nrfxlib/nrf_modem/lib/cortex-m33/soft-float/libmodem.a(rpc_transport_ipc.c.obj)
 .text.rpc_transport_ipc_data_rx_resume
                0x00000000000113a2        0x6 /opt/nordic/ncs/v2.3.0/nrfxlib/nrf_modem/lib/cortex-m33/soft-float/libmodem.a(rpc_transport_ipc.c.obj)
 .text.rpc_transport_ipc_data_rx_suspend
                0x00000000000113a8        0x6 /opt/nordic/ncs/v2.3.0/nrfxlib/nrf_modem/lib/cortex-m33/soft-float/libmodem.a(rpc_transport_ipc.c.obj)
 .text.rpc_transport_ipc_shutdown
                0x00000000000113ae        0x4 /opt/nordic/ncs/v2.3.0/nrfxlib/nrf_modem/lib/cortex-m33/soft-float/libmodem.a(rpc_transport_ipc.c.obj)
 .text.rpc_transport_ipc_msg_alloc
                0x00000000000113b2       0x42 /opt/nordic/ncs/v2.3.0/nrfxlib/nrf_modem/lib/cortex-m33/soft-float/libmodem.a(rpc_transport_ipc.c.obj)
 .text.rpc_client_msg_from_rpc_msg_get
                0x00000000000113f4        0x4 /opt/nordic/ncs/v2.3.0/nrfxlib/nrf_modem/lib/cortex-m33/soft-float/libmodem.a(rpc_client.c.obj)
                0x00000000000113f4                rpc_client_msg_from_rpc_msg_get
 .text.rpc_client_msg_alloc
                0x00000000000113f8       0x38 /opt/nordic/ncs/v2.3.0/nrfxlib/nrf_modem/lib/cortex-m33/soft-float/libmodem.a(rpc_client.c.obj)
                0x00000000000113f8                rpc_client_msg_alloc
 .text.rpc_client_msg_send
                0x0000000000011430        0xe /opt/nordic/ncs/v2.3.0/nrfxlib/nrf_modem/lib/cortex-m33/soft-float/libmodem.a(rpc_client.c.obj)
                0x0000000000011430                rpc_client_msg_send
 .text.rpc_client_msg_rx_free
                0x000000000001143e        0x6 /opt/nordic/ncs/v2.3.0/nrfxlib/nrf_modem/lib/cortex-m33/soft-float/libmodem.a(rpc_client.c.obj)
                0x000000000001143e                rpc_client_msg_rx_free
 .text.rpc_client_msg_data_rx_free
                0x0000000000011444        0x4 /opt/nordic/ncs/v2.3.0/nrfxlib/nrf_modem/lib/cortex-m33/soft-float/libmodem.a(rpc_client.c.obj)
                0x0000000000011444                rpc_client_msg_data_rx_free
 .text.rpc_client_msg_data_tx_alloc
                0x0000000000011448        0x4 /opt/nordic/ncs/v2.3.0/nrfxlib/nrf_modem/lib/cortex-m33/soft-float/libmodem.a(rpc_client.c.obj)
                0x0000000000011448                rpc_client_msg_data_tx_alloc
 .text.rpc_client_msg_data_tx_free
                0x000000000001144c       0x10 /opt/nordic/ncs/v2.3.0/nrfxlib/nrf_modem/lib/cortex-m33/soft-float/libmodem.a(rpc_client.c.obj)
                0x000000000001144c                rpc_client_msg_data_tx_free
 .text.sockaddr_init
                0x000000000001145c       0x72 /opt/nordic/ncs/v2.3.0/nrfxlib/nrf_modem/lib/cortex-m33/soft-float/libmodem.a(addr.c.obj)
                0x000000000001145c                sockaddr_init
 .text.sock_pollcb
                0x00000000000114ce       0x30 /opt/nordic/ncs/v2.3.0/nrfxlib/nrf_modem/lib/cortex-m33/soft-float/libmodem.a(sock.c.obj)
                0x00000000000114ce                sock_pollcb
 .text.sock_pkt_append
                0x00000000000114fe       0x14 /opt/nordic/ncs/v2.3.0/nrfxlib/nrf_modem/lib/cortex-m33/soft-float/libmodem.a(sock.c.obj)
                0x00000000000114fe                sock_pkt_append
 .text.sock_is_stream
                0x0000000000011512        0xa /opt/nordic/ncs/v2.3.0/nrfxlib/nrf_modem/lib/cortex-m33/soft-float/libmodem.a(sock.c.obj)
                0x0000000000011512                sock_is_stream
 .text.sock_is_datagram
                0x000000000001151c        0xa /opt/nordic/ncs/v2.3.0/nrfxlib/nrf_modem/lib/cortex-m33/soft-float/libmodem.a(sock.c.obj)
                0x000000000001151c                sock_is_datagram
 .text.sock_proto_is_secure
                0x0000000000011526       0x18 /opt/nordic/ncs/v2.3.0/nrfxlib/nrf_modem/lib/cortex-m33/soft-float/libmodem.a(sock.c.obj)
                0x0000000000011526                sock_proto_is_secure
 .text.sock_is_attaching
                0x000000000001153e        0x8 /opt/nordic/ncs/v2.3.0/nrfxlib/nrf_modem/lib/cortex-m33/soft-float/libmodem.a(sock.c.obj)
                0x000000000001153e                sock_is_attaching
 .text.sock_is_nonblock
                0x0000000000011546        0x8 /opt/nordic/ncs/v2.3.0/nrfxlib/nrf_modem/lib/cortex-m33/soft-float/libmodem.a(sock.c.obj)
                0x0000000000011546                sock_is_nonblock
 .text.sock_is_local_closed
                0x000000000001154e        0x8 /opt/nordic/ncs/v2.3.0/nrfxlib/nrf_modem/lib/cortex-m33/soft-float/libmodem.a(sock.c.obj)
                0x000000000001154e                sock_is_local_closed
 .text.sock_is_eof
                0x0000000000011556       0x16 /opt/nordic/ncs/v2.3.0/nrfxlib/nrf_modem/lib/cortex-m33/soft-float/libmodem.a(sock.c.obj)
                0x0000000000011556                sock_is_eof
 .text.sock_has_stream_error
                0x000000000001156c        0x6 /opt/nordic/ncs/v2.3.0/nrfxlib/nrf_modem/lib/cortex-m33/soft-float/libmodem.a(sock.c.obj)
                0x000000000001156c                sock_has_stream_error
 .text.sock_has_error
                0x0000000000011572        0xe /opt/nordic/ncs/v2.3.0/nrfxlib/nrf_modem/lib/cortex-m33/soft-float/libmodem.a(sock.c.obj)
                0x0000000000011572                sock_has_error
 .text.sock_has_pollcb
                0x0000000000011580        0xa /opt/nordic/ncs/v2.3.0/nrfxlib/nrf_modem/lib/cortex-m33/soft-float/libmodem.a(sock.c.obj)
                0x0000000000011580                sock_has_pollcb
 .text.sock_can_read
                0x000000000001158a        0xa /opt/nordic/ncs/v2.3.0/nrfxlib/nrf_modem/lib/cortex-m33/soft-float/libmodem.a(sock.c.obj)
                0x000000000001158a                sock_can_read
 .text.sock_can_accept
                0x0000000000011594        0xa /opt/nordic/ncs/v2.3.0/nrfxlib/nrf_modem/lib/cortex-m33/soft-float/libmodem.a(sock.c.obj)
                0x0000000000011594                sock_can_accept
 .text.sock_can_send
                0x000000000001159e       0x3c /opt/nordic/ncs/v2.3.0/nrfxlib/nrf_modem/lib/cortex-m33/soft-float/libmodem.a(sock.c.obj)
                0x000000000001159e                sock_can_send
 .text.on_conf_dnssrv_res
                0x00000000000115da        0x4 /opt/nordic/ncs/v2.3.0/nrfxlib/nrf_modem/lib/cortex-m33/soft-float/libmodem.a(dns.c.obj)
                0x00000000000115da                on_conf_dnssrv_res
 .text.on_getifaddrs_res
                0x00000000000115de        0x4 /opt/nordic/ncs/v2.3.0/nrfxlib/nrf_modem/lib/cortex-m33/soft-float/libmodem.a(ifaddrs.c.obj)
                0x00000000000115de                on_getifaddrs_res
 .text.nrf_poll_one
                0x00000000000115e2       0x92 /opt/nordic/ncs/v2.3.0/nrfxlib/nrf_modem/lib/cortex-m33/soft-float/libmodem.a(poll.c.obj)
                0x00000000000115e2                nrf_poll_one
 .text.res_cookie_get
                0x0000000000011674        0x4 /opt/nordic/ncs/v2.3.0/nrfxlib/nrf_modem/lib/cortex-m33/soft-float/libmodem.a(reqres.c.obj)
                0x0000000000011674                res_cookie_get
 .text.res_forward
                0x0000000000011678        0x8 /opt/nordic/ncs/v2.3.0/nrfxlib/nrf_modem/lib/cortex-m33/soft-float/libmodem.a(reqres.c.obj)
                0x0000000000011678                res_forward
 .text.rpc_dfu_event_handler
                0x0000000000011680       0x16 /opt/nordic/ncs/v2.3.0/nrfxlib/nrf_modem/lib/cortex-m33/soft-float/libmodem.a(nrf_modem_delta_dfu.c.obj)
                0x0000000000011680                rpc_dfu_event_handler
 .text.nrf_modem_is_initialized
                0x0000000000011696        0x4 /opt/nordic/ncs/v2.3.0/nrfxlib/nrf_modem/lib/cortex-m33/soft-float/libmodem.a(nrf_modem.c.obj)
                0x0000000000011696                nrf_modem_is_initialized
 .text.z_device_state_init
                0x000000000001169a        0x2 zephyr/kernel/libkernel.a(device.c.obj)
                0x000000000001169a                z_device_state_init
 .text.z_device_is_ready
                0x000000000001169c       0x16 zephyr/kernel/libkernel.a(device.c.obj)
                0x000000000001169c                z_device_is_ready
 .text.z_fatal_error
                0x00000000000116b2       0x36 zephyr/kernel/libkernel.a(fatal.c.obj)
                0x00000000000116b2                z_fatal_error
 .text.z_early_memset
                0x00000000000116e8        0x4 zephyr/kernel/libkernel.a(init.c.obj)
                0x00000000000116e8                z_early_memset
 .text.z_early_memcpy
                0x00000000000116ec        0x4 zephyr/kernel/libkernel.a(init.c.obj)
                0x00000000000116ec                z_early_memcpy
 .text.k_heap_init
                0x00000000000116f0       0x10 zephyr/kernel/libkernel.a(kheap.c.obj)
                0x00000000000116f0                k_heap_init
 .text.k_heap_aligned_alloc
                0x0000000000011700       0x9a zephyr/kernel/libkernel.a(kheap.c.obj)
                0x0000000000011700                k_heap_aligned_alloc
 .text.k_heap_alloc
                0x000000000001179a       0x14 zephyr/kernel/libkernel.a(kheap.c.obj)
                0x000000000001179a                k_heap_alloc
 .text.k_heap_free
                0x00000000000117ae       0x3a zephyr/kernel/libkernel.a(kheap.c.obj)
                0x00000000000117ae                k_heap_free
 .text.k_is_in_isr
                0x00000000000117e8        0xc zephyr/kernel/libkernel.a(thread.c.obj)
                0x00000000000117e8                k_is_in_isr
 .text.z_impl_k_thread_name_set
                0x00000000000117f4        0x6 zephyr/kernel/libkernel.a(thread.c.obj)
                0x00000000000117f4                z_impl_k_thread_name_set
 .text.z_impl_k_thread_start
                0x00000000000117fa        0x4 zephyr/kernel/libkernel.a(thread.c.obj)
                0x00000000000117fa                z_impl_k_thread_start
 .text.z_pm_save_idle_exit
                0x00000000000117fe        0xe zephyr/kernel/libkernel.a(idle.c.obj)
                0x00000000000117fe                z_pm_save_idle_exit
 .text.adjust_owner_prio.isra.0
                0x000000000001180c       0x10 zephyr/kernel/libkernel.a(mutex.c.obj)
 .text.z_impl_k_mutex_init
                0x000000000001181c        0xe zephyr/kernel/libkernel.a(mutex.c.obj)
                0x000000000001181c                z_impl_k_mutex_init
 .text.queue_insert
                0x000000000001182a       0xc4 zephyr/kernel/libkernel.a(queue.c.obj)
 .text.z_queue_node_peek
                0x00000000000118ee       0x18 zephyr/kernel/libkernel.a(queue.c.obj)
                0x00000000000118ee                z_queue_node_peek
 .text.k_queue_append
                0x0000000000011906       0x16 zephyr/kernel/libkernel.a(queue.c.obj)
                0x0000000000011906                k_queue_append
 .text.z_impl_k_sem_init
                0x000000000001191c       0x18 zephyr/kernel/libkernel.a(sem.c.obj)
                0x000000000001191c                z_impl_k_sem_init
 .text.flag_test_and_clear
                0x0000000000011934       0x16 zephyr/kernel/libkernel.a(work.c.obj)
 .text.notify_queue_locked.isra.0
                0x000000000001194a        0xe zephyr/kernel/libkernel.a(work.c.obj)
 .text.z_work_submit_to_queue
                0x0000000000011958       0x28 zephyr/kernel/libkernel.a(work.c.obj)
                0x0000000000011958                z_work_submit_to_queue
 .text.k_work_submit_to_queue
                0x0000000000011980       0x22 zephyr/kernel/libkernel.a(work.c.obj)
                0x0000000000011980                k_work_submit_to_queue
 .text.sys_dlist_remove
                0x00000000000119a2       0x10 zephyr/kernel/libkernel.a(sched.c.obj)
 .text.unpend_thread_no_timeout
                0x00000000000119b2       0x14 zephyr/kernel/libkernel.a(sched.c.obj)
 .text.z_thread_timeout
                0x00000000000119c6       0x44 zephyr/kernel/libkernel.a(sched.c.obj)
                0x00000000000119c6                z_thread_timeout
 .text.add_to_waitq_locked
                0x0000000000011a0a       0x50 zephyr/kernel/libkernel.a(sched.c.obj)
 .text.z_ready_thread
                0x0000000000011a5a       0x20 zephyr/kernel/libkernel.a(sched.c.obj)
                0x0000000000011a5a                z_ready_thread
 .text.z_unpend_first_thread
                0x0000000000011a7a       0x38 zephyr/kernel/libkernel.a(sched.c.obj)
                0x0000000000011a7a                z_unpend_first_thread
 .text.z_unpend_thread
                0x0000000000011ab2       0x28 zephyr/kernel/libkernel.a(sched.c.obj)
                0x0000000000011ab2                z_unpend_thread
 .text.z_reschedule_irqlock
                0x0000000000011ada       0x18 zephyr/kernel/libkernel.a(sched.c.obj)
                0x0000000000011ada                z_reschedule_irqlock
 .text.z_reschedule_unlocked
                0x0000000000011af2       0x14 zephyr/kernel/libkernel.a(sched.c.obj)
 .text.z_unpend_all
                0x0000000000011b06       0x20 zephyr/kernel/libkernel.a(sched.c.obj)
                0x0000000000011b06                z_unpend_all
 .text.z_sched_wake
                0x0000000000011b26       0x46 zephyr/kernel/libkernel.a(sched.c.obj)
                0x0000000000011b26                z_sched_wake
 .text.z_abort_timeout
                0x0000000000011b6c       0x2c zephyr/kernel/libkernel.a(timeout.c.obj)
                0x0000000000011b6c                z_abort_timeout
 .text.z_get_next_timeout_expiry
                0x0000000000011b98       0x20 zephyr/kernel/libkernel.a(timeout.c.obj)
                0x0000000000011b98                z_get_next_timeout_expiry
 .text.z_set_timeout_expiry
                0x0000000000011bb8       0x38 zephyr/kernel/libkernel.a(timeout.c.obj)
                0x0000000000011bb8                z_set_timeout_expiry
 .text.sys_clock_tick_get_32
                0x0000000000011bf0        0x8 zephyr/kernel/libkernel.a(timeout.c.obj)
                0x0000000000011bf0                sys_clock_tick_get_32
 .text.z_impl_k_uptime_ticks
                0x0000000000011bf8        0x4 zephyr/kernel/libkernel.a(timeout.c.obj)
                0x0000000000011bf8                z_impl_k_uptime_ticks
 .text.z_impl_k_busy_wait
                0x0000000000011bfc        0x8 zephyr/kernel/libkernel.a(timeout.c.obj)
                0x0000000000011bfc                z_impl_k_busy_wait
 .text.sys_clock_timeout_end_calc
                0x0000000000011c04       0x44 zephyr/kernel/libkernel.a(timeout.c.obj)
                0x0000000000011c04                sys_clock_timeout_end_calc
 .text.z_heap_aligned_alloc
                0x0000000000011c48       0x26 zephyr/kernel/libkernel.a(mempool.c.obj)
 .text.k_free   0x0000000000011c6e        0xe zephyr/kernel/libkernel.a(mempool.c.obj)
                0x0000000000011c6e                k_free
 .text.k_malloc
                0x0000000000011c7c        0x8 zephyr/kernel/libkernel.a(mempool.c.obj)
                0x0000000000011c7c                k_malloc
 .text.k_calloc
                0x0000000000011c84       0x22 zephyr/kernel/libkernel.a(mempool.c.obj)
                0x0000000000011c84                k_calloc